<html>
<body>
<pre>
<h1>µVision Build Log</h1>
<h2>Tool Versions:</h2>
IDE-Version: ¦ÌVision V5.32.0.0
Copyright (C) 2020 ARM Ltd and ARM Germany GmbH. All rights reserved.
License Information: 1 Stig, 1, LIC=0VRJ7-ETLMB-8YDVV-P2UU1-QK6DP-TNBZL
 
Tool Versions:
Toolchain:       MDK-ARM Professional  Version: 5.32.0.0
Toolchain Path:  D:\SoftWare\Keil_v5\ARM\ARMCC\Bin
C Compiler:      Armcc.exe V5.06 update 7 (build 960)
Assembler:       Armasm.exe V5.06 update 7 (build 960)
Linker/Locator:  ArmLink.exe V5.06 update 7 (build 960)
Library Manager: ArmAr.exe V5.06 update 7 (build 960)
Hex Converter:   FromElf.exe V5.06 update 7 (build 960)
CPU DLL:         SARMCM3.DLL V5.32.0.0
Dialog DLL:      DCM.DLL V1.17.3.0
Target DLL:      UL2CM3.DLL V1.163.9.0
Dialog DLL:      TCM.DLL V1.46.0.0
 
<h2>Project:</h2>
E:\1.Projects\MX\RTOS\FreeRTOS\STM32F1\Study\FreeRTOSDemo\MDK-ARM\FreeRTOSDemo.uvprojx
Project File Date:  04/19/2025

<h2>Output:</h2>
*** Using Compiler 'V5.06 update 7 (build 960)', folder: 'D:\SoftWare\Keil_v5\ARM\ARMCC\Bin'
Rebuild target 'FreeRTOSDemo'
assembling startup_stm32f103xe.s...
compiling stm32f1xx_hal_msp.c...
compiling stm32f1xx_hal_gpio_ex.c...
compiling dma.c...
compiling tim.c...
compiling i2c.c...
compiling usart.c...
compiling stm32f1xx_hal_timebase_tim.c...
compiling gpio.c...
compiling can.c...
compiling main.c...
compiling stm32f1xx_it.c...
compiling freertos.c...
compiling stm32f1xx_hal_cortex.c...
compiling stm32f1xx_hal_flash_ex.c...
compiling stm32f1xx_hal_pwr.c...
compiling stm32f1xx_hal_gpio.c...
compiling stm32f1xx_hal_rcc_ex.c...
compiling stm32f1xx_hal_exti.c...
compiling stm32f1xx_hal_flash.c...
compiling stm32f1xx_hal_dma.c...
compiling stm32f1xx_hal.c...
compiling stm32f1xx_hal_can.c...
compiling croutine.c...
compiling event_groups.c...
compiling list.c...
compiling stm32f1xx_hal_rcc.c...
compiling timers.c...
compiling stream_buffer.c...
compiling queue.c...
compiling heap_4.c...
compiling tasks.c...
compiling stm32f1xx_hal_i2c.c...
compiling port.c...
compiling cmsis_os2.c...
compiling system_stm32f1xx.c...
compiling stm32f1xx_hal_usart.c...
compiling stm32f1xx_hal_tim_ex.c...
compiling stm32f1xx_hal_tim.c...
linking...
Program Size: Code=18032 RO-data=744 RW-data=180 ZI-data=7924  
FromELF: creating hex file...
".\FreeRTOSDemo\FreeRTOSDemo.axf" - 0 Error(s), 0 Warning(s).

<h2>Software Packages used:</h2>

Package Vendor: ARM
                http://www.keil.com/pack/ARM.CMSIS.5.7.0.pack
                ARM.CMSIS.5.7.0
                CMSIS (Cortex Microcontroller Software Interface Standard)
   * Component: CORE Version: 5.4.0

Package Vendor: Keil
                https://www.keil.com/pack/Keil.STM32F1xx_DFP.2.4.1.pack
                Keil.STM32F1xx_DFP.2.4.1
                STMicroelectronics STM32F1 Series Device Support, Drivers and Examples

<h2>Collection of Component include folders:</h2>
  .\RTE\_FreeRTOSDemo
  D:\SoftWare\Keil_v5\Arm\Packs\ARM\CMSIS\5.7.0\CMSIS\Core\Include
  D:\SoftWare\Keil_v5\Arm\Packs\Keil\STM32F1xx_DFP\2.4.1\Device\Include

<h2>Collection of Component Files used:</h2>

   * Component: ARM::CMSIS:CORE:5.4.0
      Include file:  CMSIS\Core\Include\tz_context.h
Build Time Elapsed:  00:00:10
</pre>
</body>
</html>
