Component: ARM Compiler 5.06 update 7 (build 960) Tool: armlink [4d3601]

==============================================================================

Section Cross References

    startup_stm32f103xe.o(RESET) refers to startup_stm32f103xe.o(STACK) for __initial_sp
    startup_stm32f103xe.o(RESET) refers to startup_stm32f103xe.o(.text) for Reset_Handler
    startup_stm32f103xe.o(RESET) refers to stm32f1xx_it.o(i.NMI_Handler) for NMI_Handler
    startup_stm32f103xe.o(RESET) refers to stm32f1xx_it.o(i.HardFault_Handler) for HardFault_Handler
    startup_stm32f103xe.o(RESET) refers to stm32f1xx_it.o(i.MemManage_Handler) for MemManage_Handler
    startup_stm32f103xe.o(RESET) refers to stm32f1xx_it.o(i.BusFault_Handler) for BusFault_Handler
    startup_stm32f103xe.o(RESET) refers to stm32f1xx_it.o(i.UsageFault_Handler) for UsageFault_Handler
    startup_stm32f103xe.o(RESET) refers to port.o(.emb_text) for SVC_Handler
    startup_stm32f103xe.o(RESET) refers to stm32f1xx_it.o(i.DebugMon_Handler) for DebugMon_Handler
    startup_stm32f103xe.o(RESET) refers to port.o(i.SysTick_Handler) for SysTick_Handler
    startup_stm32f103xe.o(RESET) refers to stm32f1xx_it.o(i.DMA1_Channel4_IRQHandler) for DMA1_Channel4_IRQHandler
    startup_stm32f103xe.o(RESET) refers to stm32f1xx_it.o(i.DMA1_Channel5_IRQHandler) for DMA1_Channel5_IRQHandler
    startup_stm32f103xe.o(RESET) refers to stm32f1xx_it.o(i.USART1_IRQHandler) for USART1_IRQHandler
    startup_stm32f103xe.o(RESET) refers to stm32f1xx_it.o(i.TIM6_IRQHandler) for TIM6_IRQHandler
    startup_stm32f103xe.o(.text) refers to system_stm32f1xx.o(i.SystemInit) for SystemInit
    startup_stm32f103xe.o(.text) refers to entry.o(.ARM.Collect$$$$00000000) for __main
    main.o(i.HAL_TIM_PeriodElapsedCallback) refers to stm32f1xx_hal.o(i.HAL_IncTick) for HAL_IncTick
    main.o(i.SystemClock_Config) refers to memseta.o(.text) for __aeabi_memclr4
    main.o(i.SystemClock_Config) refers to stm32f1xx_hal_rcc.o(i.HAL_RCC_OscConfig) for HAL_RCC_OscConfig
    main.o(i.SystemClock_Config) refers to main.o(i.Error_Handler) for Error_Handler
    main.o(i.SystemClock_Config) refers to stm32f1xx_hal_rcc.o(i.HAL_RCC_ClockConfig) for HAL_RCC_ClockConfig
    main.o(i.main) refers to stm32f1xx_hal.o(i.HAL_Init) for HAL_Init
    main.o(i.main) refers to main.o(i.SystemClock_Config) for SystemClock_Config
    main.o(i.main) refers to delay.o(i.DWT_Init) for DWT_Init
    main.o(i.main) refers to gpio.o(i.MX_GPIO_Init) for MX_GPIO_Init
    main.o(i.main) refers to dma.o(i.MX_DMA_Init) for MX_DMA_Init
    main.o(i.main) refers to tim.o(i.MX_TIM2_Init) for MX_TIM2_Init
    main.o(i.main) refers to usart.o(i.MX_USART1_Init) for MX_USART1_Init
    main.o(i.main) refers to can.o(i.MX_CAN_Init) for MX_CAN_Init
    main.o(i.main) refers to i2c.o(i.MX_I2C1_Init) for MX_I2C1_Init
    main.o(i.main) refers to fsmc.o(i.MX_FSMC_Init) for MX_FSMC_Init
    main.o(i.main) refers to tim.o(i.MX_TIM8_Init) for MX_TIM8_Init
    main.o(i.main) refers to lcd.o(i.lcd_init) for lcd_init
    main.o(i.main) refers to lcd.o(i.lcd_display_on) for lcd_display_on
    main.o(i.main) refers to lcd.o(i.lcd_clear) for lcd_clear
    main.o(i.main) refers to stm32f1xx_hal_gpio.o(i.HAL_GPIO_WritePin) for HAL_GPIO_WritePin
    main.o(i.main) refers to stm32f1xx_hal_tim.o(i.HAL_TIM_PWM_Start) for HAL_TIM_PWM_Start
    main.o(i.main) refers to touch.o(i.tp_init) for tp_init
    main.o(i.main) refers to printfa.o(i.__0printf) for __2printf
    main.o(i.main) refers to cmsis_os2.o(i.osKernelInitialize) for osKernelInitialize
    main.o(i.main) refers to freertos.o(i.MX_FREERTOS_Init) for MX_FREERTOS_Init
    main.o(i.main) refers to cmsis_os2.o(i.osKernelStart) for osKernelStart
    main.o(i.main) refers to tim.o(.bss) for htim8
    gpio.o(i.MX_GPIO_Init) refers to stm32f1xx_hal_gpio.o(i.HAL_GPIO_WritePin) for HAL_GPIO_WritePin
    gpio.o(i.MX_GPIO_Init) refers to stm32f1xx_hal_gpio.o(i.HAL_GPIO_Init) for HAL_GPIO_Init
    freertos.o(i.MX_FREERTOS_Init) refers to cmsis_os2.o(i.osMutexNew) for osMutexNew
    freertos.o(i.MX_FREERTOS_Init) refers to cmsis_os2.o(i.osSemaphoreNew) for osSemaphoreNew
    freertos.o(i.MX_FREERTOS_Init) refers to cmsis_os2.o(i.osTimerNew) for osTimerNew
    freertos.o(i.MX_FREERTOS_Init) refers to cmsis_os2.o(i.osMessageQueueNew) for osMessageQueueNew
    freertos.o(i.MX_FREERTOS_Init) refers to cmsis_os2.o(i.osThreadNew) for osThreadNew
    freertos.o(i.MX_FREERTOS_Init) refers to cmsis_os2.o(i.osEventFlagsNew) for osEventFlagsNew
    freertos.o(i.MX_FREERTOS_Init) refers to freertos.o(.constdata) for myMutex01_attributes
    freertos.o(i.MX_FREERTOS_Init) refers to freertos.o(.data) for myMutex01Handle
    freertos.o(i.MX_FREERTOS_Init) refers to freertos.o(i.CallbackTimer01) for CallbackTimer01
    freertos.o(i.MX_FREERTOS_Init) refers to freertos.o(i.StartDefaultTask) for StartDefaultTask
[...]
    _printf_p                                0x00000000   Number         0  stubs.o ABSOLUTE
    _printf_percent                          0x00000000   Number         0  stubs.o ABSOLUTE
    _printf_pre_padding                      0x00000000   Number         0  stubs.o ABSOLUTE
    _printf_return_value                     0x00000000   Number         0  stubs.o ABSOLUTE
    _printf_s                                0x00000000   Number         0  stubs.o ABSOLUTE
    _printf_sizespec                         0x00000000   Number         0  stubs.o ABSOLUTE
    _printf_str                              0x00000000   Number         0  stubs.o ABSOLUTE
    _printf_truncate_signed                  0x00000000   Number         0  stubs.o ABSOLUTE
    _printf_truncate_unsigned                0x00000000   Number         0  stubs.o ABSOLUTE
    _printf_u                                0x00000000   Number         0  stubs.o ABSOLUTE
    _printf_wc                               0x00000000   Number         0  stubs.o ABSOLUTE
    _printf_wctomb                           0x00000000   Number         0  stubs.o ABSOLUTE
    _printf_widthprec                        0x00000000   Number         0  stubs.o ABSOLUTE
    _printf_x                                0x00000000   Number         0  stubs.o ABSOLUTE
    __arm_fini_                               - Undefined Weak Reference
    __cpp_initialize__aeabi_                  - Undefined Weak Reference
    __cxa_finalize                            - Undefined Weak Reference
    __decompress                              - Undefined Weak Reference
    _clock_init                               - Undefined Weak Reference
    _microlib_exit                            - Undefined Weak Reference
    __Vectors_Size                           0x00000130   Number         0  startup_stm32f103xe.o ABSOLUTE
    __Vectors                                0x08000000   Data           4  startup_stm32f103xe.o(RESET)
    __Vectors_End                            0x08000130   Data           0  startup_stm32f103xe.o(RESET)
    __main                                   0x08000131   Thumb Code     0  entry.o(.ARM.Collect$$$$00000000)
    _main_stk                                0x08000131   Thumb Code     0  entry2.o(.ARM.Collect$$$$00000001)
    _main_scatterload                        0x08000135   Thumb Code     0  entry5.o(.ARM.Collect$$$$00000004)
    __main_after_scatterload                 0x08000139   Thumb Code     0  entry5.o(.ARM.Collect$$$$00000004)
    _main_clock                              0x08000139   Thumb Code     0  entry7b.o(.ARM.Collect$$$$00000008)
    _main_cpp_init                           0x08000139   Thumb Code     0  entry8b.o(.ARM.Collect$$$$0000000A)
    _main_init                               0x08000139   Thumb Code     0  entry9a.o(.ARM.Collect$$$$0000000B)
    __rt_lib_shutdown_fini                   0x08000141   Thumb Code     0  entry12b.o(.ARM.Collect$$$$0000000E)
    __rt_final_cpp                           0x08000145   Thumb Code     0  entry10a.o(.ARM.Collect$$$$0000000F)
    __rt_final_exit                          0x08000145   Thumb Code     0  entry11a.o(.ARM.Collect$$$$00000011)
    SVC_Handler                              0x08000149   Thumb Code    32  port.o(.emb_text)
    __asm___6_port_c_39a90d8d__prvStartFirstTask 0x0800016d   Thumb Code    28  port.o(.emb_text)
    PendSV_Handler                           0x0800018d   Thumb Code    72  port.o(.emb_text)
    vPortGetIPSR                             0x080001d9   Thumb Code     6  port.o(.emb_text)
    Reset_Handler                            0x080001e1   Thumb Code     8  startup_stm32f103xe.o(.text)
    ADC1_2_IRQHandler                        0x080001fb   Thumb Code     0  startup_stm32f103xe.o(.text)
    ADC3_IRQHandler                          0x080001fb   Thumb Code     0  startup_stm32f103xe.o(.text)
    CAN1_RX1_IRQHandler                      0x080001fb   Thumb Code     0  startup_stm32f103xe.o(.text)
    CAN1_SCE_IRQHandler                      0x080001fb   Thumb Code     0  startup_stm32f103xe.o(.text)
    DMA1_Channel1_IRQHandler                 0x080001fb   Thumb Code     0  startup_stm32f103xe.o(.text)
    DMA1_Channel2_IRQHandler                 0x080001fb   Thumb Code     0  startup_stm32f103xe.o(.text)
    DMA1_Channel3_IRQHandler                 0x080001fb   Thumb Code     0  startup_stm32f103xe.o(.text)
    DMA1_Channel6_IRQHandler                 0x080001fb   Thumb Code     0  startup_stm32f103xe.o(.text)
    DMA1_Channel7_IRQHandler                 0x080001fb   Thumb Code     0  startup_stm32f103xe.o(.text)
    DMA2_Channel1_IRQHandler                 0x080001fb   Thumb Code     0  startup_stm32f103xe.o(.text)
    DMA2_Channel2_IRQHandler                 0x080001fb   Thumb Code     0  startup_stm32f103xe.o(.text)
    DMA2_Channel3_IRQHandler                 0x080001fb   Thumb Code     0  startup_stm32f103xe.o(.text)
    DMA2_Channel4_5_IRQHandler               0x080001fb   Thumb Code     0  startup_stm32f103xe.o(.text)
    EXTI0_IRQHandler                         0x080001fb   Thumb Code     0  startup_stm32f103xe.o(.text)
    EXTI15_10_IRQHandler                     0x080001fb   Thumb Code     0  startup_stm32f103xe.o(.text)
    EXTI1_IRQHandler                         0x080001fb   Thumb Code     0  startup_stm32f103xe.o(.text)
    EXTI2_IRQHandler                         0x080001fb   Thumb Code     0  startup_stm32f103xe.o(.text)
    EXTI3_IRQHandler                         0x080001fb   Thumb Code     0  startup_stm32f103xe.o(.text)
    EXTI4_IRQHandler                         0x080001fb   Thumb Code     0  startup_stm32f103xe.o(.text)
    EXTI9_5_IRQHandler                       0x080001fb   Thumb Code     0  startup_stm32f103xe.o(.text)
    FLASH_IRQHandler                         0x080001fb   Thumb Code     0  startup_stm32f103xe.o(.text)
    FSMC_IRQHandler                          0x080001fb   Thumb Code     0  startup_stm32f103xe.o(.text)
    I2C1_ER_IRQHandler                       0x080001fb   Thumb Code     0  startup_stm32f103xe.o(.text)
    I2C1_EV_IRQHandler                       0x080001fb   Thumb Code     0  startup_stm32f103xe.o(.text)
    I2C2_ER_IRQHandler                       0x080001fb   Thumb Code     0  startup_stm32f103xe.o(.text)
    I2C2_EV_IRQHandler                       0x080001fb   Thumb Code     0  startup_stm32f103xe.o(.text)
    PVD_IRQHandler                           0x080001fb   Thumb Code     0  startup_stm32f103xe.o(.text)
    RCC_IRQHandler                           0x080001fb   Thumb Code     0  startup_stm32f103xe.o(.text)
    RTC_Alarm_IRQHandler                     0x080001fb   Thumb Code     0  startup_stm32f103xe.o(.text)
    RTC_IRQHandler                           0x080001fb   Thumb Code     0  startup_stm32f103xe.o(.text)
    SDIO_IRQHandler                          0x080001fb   Thumb Code     0  startup_stm32f103xe.o(.text)
    SPI1_IRQHandler                          0x080001fb   Thumb Code     0  startup_stm32f103xe.o(.text)
    SPI2_IRQHandler                          0x080001fb   Thumb Code     0  startup_stm32f103xe.o(.text)
    SPI3_IRQHandler                          0x080001fb   Thumb Code     0  startup_stm32f103xe.o(.text)
    TAMPER_IRQHandler                        0x080001fb   Thumb Code     0  startup_stm32f103xe.o(.text)
    TIM1_BRK_IRQHandler                      0x080001fb   Thumb Code     0  startup_stm32f103xe.o(.text)
    TIM1_CC_IRQHandler                       0x080001fb   Thumb Code     0  startup_stm32f103xe.o(.text)
    TIM1_TRG_COM_IRQHandler                  0x080001fb   Thumb Code     0  startup_stm32f103xe.o(.text)
    TIM1_UP_IRQHandler                       0x080001fb   Thumb Code     0  startup_stm32f103xe.o(.text)
    TIM2_IRQHandler                          0x080001fb   Thumb Code     0  startup_stm32f103xe.o(.text)
    TIM3_IRQHandler                          0x080001fb   Thumb Code     0  startup_stm32f103xe.o(.text)
    TIM4_IRQHandler                          0x080001fb   Thumb Code     0  startup_stm32f103xe.o(.text)
    TIM5_IRQHandler                          0x080001fb   Thumb Code     0  startup_stm32f103xe.o(.text)
    TIM7_IRQHandler                          0x080001fb   Thumb Code     0  startup_stm32f103xe.o(.text)
    TIM8_BRK_IRQHandler                      0x080001fb   Thumb Code     0  startup_stm32f103xe.o(.text)
    TIM8_CC_IRQHandler                       0x080001fb   Thumb Code     0  startup_stm32f103xe.o(.text)
    TIM8_TRG_COM_IRQHandler                  0x080001fb   Thumb Code     0  startup_stm32f103xe.o(.text)
    TIM8_UP_IRQHandler                       0x080001fb   Thumb Code     0  startup_stm32f103xe.o(.text)
    UART4_IRQHandler                         0x080001fb   Thumb Code     0  startup_stm32f103xe.o(.text)
    UART5_IRQHandler                         0x080001fb   Thumb Code     0  startup_stm32f103xe.o(.text)
    USART2_IRQHandler                        0x080001fb   Thumb Code     0  startup_stm32f103xe.o(.text)
    USART3_IRQHandler                        0x080001fb   Thumb Code     0  startup_stm32f103xe.o(.text)
    USBWakeUp_IRQHandler                     0x080001fb   Thumb Code     0  startup_stm32f103xe.o(.text)
    USB_HP_CAN1_TX_IRQHandler                0x080001fb   Thumb Code     0  startup_stm32f103xe.o(.text)
    USB_LP_CAN1_RX0_IRQHandler               0x080001fb   Thumb Code     0  startup_stm32f103xe.o(.text)
    WWDG_IRQHandler                          0x080001fb   Thumb Code     0  startup_stm32f103xe.o(.text)
    __aeabi_llsr                             0x08000205   Thumb Code    32  llushr.o(.text)
    _ll_ushift_r                             0x08000205   Thumb Code     0  llushr.o(.text)
    __aeabi_memcpy                           0x08000225   Thumb Code    36  memcpya.o(.text)
    __aeabi_memcpy4                          0x08000225   Thumb Code     0  memcpya.o(.text)
    __aeabi_memcpy8                          0x08000225   Thumb Code     0  memcpya.o(.text)
    __aeabi_memset                           0x08000249   Thumb Code    14  memseta.o(.text)
    __aeabi_memset4                          0x08000249   Thumb Code     0  memseta.o(.text)
    __aeabi_memset8                          0x08000249   Thumb Code     0  memseta.o(.text)
    __aeabi_memclr                           0x08000257   Thumb Code     4  memseta.o(.text)
    __aeabi_memclr4                          0x08000257   Thumb Code     0  memseta.o(.text)
    __aeabi_memclr8                          0x08000257   Thumb Code     0  memseta.o(.text)
    memset                                   0x0800025b   Thumb Code    18  memseta.o(.text)
    strcmp                                   0x0800026d   Thumb Code    28  strcmp.o(.text)
    __aeabi_fadd                             0x08000289   Thumb Code   164  fadd.o(.text)
    __aeabi_fsub                             0x0800032d   Thumb Code     6  fadd.o(.text)
    __aeabi_frsub                            0x08000333   Thumb Code     6  fadd.o(.text)
    __aeabi_fdiv                             0x08000339   Thumb Code   124  fdiv.o(.text)
    __aeabi_dmul                             0x080003b5   Thumb Code   228  dmul.o(.text)
    __aeabi_ddiv                             0x08000499   Thumb Code   222  ddiv.o(.text)
    __aeabi_i2f                              0x08000577   Thumb Code    18  fflti.o(.text)
    __aeabi_i2d                              0x08000589   Thumb Code    34  dflti.o(.text)
    __aeabi_ui2d                             0x080005ab   Thumb Code    26  dfltui.o(.text)
    __aeabi_f2uiz                            0x080005c5   Thumb Code    40  ffixui.o(.text)
    __aeabi_d2uiz                            0x080005ed   Thumb Code    50  dfixui.o(.text)
    __aeabi_cdcmpeq                          0x08000621   Thumb Code     0  cdcmple.o(.text)
    __aeabi_cdcmple                          0x08000621   Thumb Code    48  cdcmple.o(.text)
    __aeabi_cdrcmple                         0x08000651   Thumb Code    48  cdrcmple.o(.text)
    __aeabi_uidiv                            0x08000681   Thumb Code     0  uidiv.o(.text)
    __aeabi_uidivmod                         0x08000681   Thumb Code    44  uidiv.o(.text)
    __aeabi_uldivmod                         0x080006ad   Thumb Code    98  uldiv.o(.text)
    __I$use$fp                               0x0800070f   Thumb Code     0  iusefp.o(.text)
    _float_round                             0x0800070f   Thumb Code    18  fepilogue.o(.text)
    _float_epilogue                          0x08000721   Thumb Code    92  fepilogue.o(.text)
    _double_round                            0x0800077d   Thumb Code    30  depilogue.o(.text)
    _double_epilogue                         0x0800079b   Thumb Code   156  depilogue.o(.text)
    __aeabi_dadd                             0x08000837   Thumb Code   322  dadd.o(.text)
    __aeabi_dsub                             0x08000979   Thumb Code     6  dadd.o(.text)
    __aeabi_drsub                            0x0800097f   Thumb Code     6  dadd.o(.text)
    __aeabi_d2ulz                            0x08000985   Thumb Code    48  dfixul.o(.text)
    __scatterload                            0x080009b5   Thumb Code    28  init.o(.text)
    __scatterload_rt2                        0x080009b5   Thumb Code     0  init.o(.text)
    __aeabi_llsl                             0x080009d9   Thumb Code    30  llshl.o(.text)
    _ll_shift_l                              0x080009d9   Thumb Code     0  llshl.o(.text)
    __aeabi_lasr                             0x080009f7   Thumb Code    36  llsshr.o(.text)
    _ll_sshift_r                             0x080009f7   Thumb Code     0  llsshr.o(.text)
    BusFault_Handler                         0x08000a1b   Thumb Code     4  stm32f1xx_it.o(i.BusFault_Handler)
    CallbackTimer01                          0x08000a1f   Thumb Code     2  freertos.o(i.CallbackTimer01)
    Check_Touch_Button                       0x08000a21   Thumb Code   160  lcd_touch.o(i.Check_Touch_Button)
    DMA1_Channel4_IRQHandler                 0x08000acd   Thumb Code    10  stm32f1xx_it.o(i.DMA1_Channel4_IRQHandler)
    DMA1_Channel5_IRQHandler                 0x08000add   Thumb Code    10  stm32f1xx_it.o(i.DMA1_Channel5_IRQHandler)
    DWT_Init                                 0x08000aed   Thumb Code    30  delay.o(i.DWT_Init)
    DebugMon_Handler                         0x08000b15   Thumb Code     2  stm32f1xx_it.o(i.DebugMon_Handler)
    Error_Handler                            0x08000b17   Thumb Code     6  main.o(i.Error_Handler)
    FSMC_NORSRAM_Extended_Timing_Init        0x08000b1d   Thumb Code    62  stm32f1xx_ll_fsmc.o(i.FSMC_NORSRAM_Extended_Timing_Init)
    FSMC_NORSRAM_Init                        0x08000b61   Thumb Code   116  stm32f1xx_ll_fsmc.o(i.FSMC_NORSRAM_Init)
    FSMC_NORSRAM_Timing_Init                 0x08000bd9   Thumb Code    66  stm32f1xx_ll_fsmc.o(i.FSMC_NORSRAM_Timing_Init)
    HAL_CAN_Init                             0x08000c1b   Thumb Code   372  stm32f1xx_hal_can.o(i.HAL_CAN_Init)
    HAL_CAN_MspInit                          0x08000d91   Thumb Code   122  can.o(i.HAL_CAN_MspInit)
    HAL_DMA_Abort_IT                         0x08000e19   Thumb Code   414  stm32f1xx_hal_dma.o(i.HAL_DMA_Abort_IT)
    HAL_DMA_IRQHandler                       0x08000fc1   Thumb Code   910  stm32f1xx_hal_dma.o(i.HAL_DMA_IRQHandler)
    HAL_DMA_Init                             0x08001359   Thumb Code   132  stm32f1xx_hal_dma.o(i.HAL_DMA_Init)
    HAL_Delay                                0x080013e5   Thumb Code    36  stm32f1xx_hal.o(i.HAL_Delay)
    HAL_GPIO_Init                            0x080014a1   Thumb Code   792  stm32f1xx_hal_gpio.o(i.HAL_GPIO_Init)
    HAL_GPIO_ReadPin                         0x080017e1   Thumb Code    16  stm32f1xx_hal_gpio.o(i.HAL_GPIO_ReadPin)
    HAL_GPIO_WritePin                        0x080017f1   Thumb Code    12  stm32f1xx_hal_gpio.o(i.HAL_GPIO_WritePin)
    HAL_GetTick                              0x080017fd   Thumb Code     6  stm32f1xx_hal.o(i.HAL_GetTick)
    HAL_I2C_GetState                         0x08001809   Thumb Code     8  stm32f1xx_hal_i2c.o(i.HAL_I2C_GetState)
    HAL_I2C_Init                             0x08001811   Thumb Code   446  stm32f1xx_hal_i2c.o(i.HAL_I2C_Init)
    HAL_I2C_Mem_Read                         0x080019e1   Thumb Code   850  stm32f1xx_hal_i2c.o(i.HAL_I2C_Mem_Read)
    HAL_I2C_Mem_Write                        0x08001d45   Thumb Code   348  stm32f1xx_hal_i2c.o(i.HAL_I2C_Mem_Write)
    HAL_I2C_MspInit                          0x08001ea9   Thumb Code   104  i2c.o(i.HAL_I2C_MspInit)
    HAL_IncTick                              0x08001f1d   Thumb Code    16  stm32f1xx_hal.o(i.HAL_IncTick)
    HAL_Init                                 0x08001f35   Thumb Code    34  stm32f1xx_hal.o(i.HAL_Init)
    HAL_InitTick                             0x08001f5d   Thumb Code   158  stm32f1xx_hal_timebase_tim.o(i.HAL_InitTick)
    HAL_MspInit                              0x08002011   Thumb Code    86  stm32f1xx_hal_msp.o(i.HAL_MspInit)
    HAL_NVIC_EnableIRQ                       0x08002071   Thumb Code    32  stm32f1xx_hal_cortex.o(i.HAL_NVIC_EnableIRQ)
    HAL_NVIC_SetPriority                     0x08002091   Thumb Code   124  stm32f1xx_hal_cortex.o(i.HAL_NVIC_SetPriority)
    HAL_NVIC_SetPriorityGrouping             0x0800210d   Thumb Code    32  stm32f1xx_hal_cortex.o(i.HAL_NVIC_SetPriorityGrouping)
    HAL_RCC_ClockConfig                      0x08002135   Thumb Code   376  stm32f1xx_hal_rcc.o(i.HAL_RCC_ClockConfig)
    HAL_RCC_GetClockConfig                   0x080022c1   Thumb Code    58  stm32f1xx_hal_rcc.o(i.HAL_RCC_GetClockConfig)
    HAL_RCC_GetHCLKFreq                      0x08002305   Thumb Code     6  stm32f1xx_hal_rcc.o(i.HAL_RCC_GetHCLKFreq)
    HAL_RCC_GetPCLK1Freq                     0x08002311   Thumb Code    22  stm32f1xx_hal_rcc.o(i.HAL_RCC_GetPCLK1Freq)
    HAL_RCC_GetPCLK2Freq                     0x08002331   Thumb Code    22  stm32f1xx_hal_rcc.o(i.HAL_RCC_GetPCLK2Freq)
    HAL_RCC_GetSysClockFreq                  0x08002351   Thumb Code    92  stm32f1xx_hal_rcc.o(i.HAL_RCC_GetSysClockFreq)
    HAL_RCC_OscConfig                        0x080023c1   Thumb Code  1114  stm32f1xx_hal_rcc.o(i.HAL_RCC_OscConfig)
    HAL_SRAM_Init                            0x08002825   Thumb Code   102  stm32f1xx_hal_sram.o(i.HAL_SRAM_Init)
    HAL_SRAM_MspInit                         0x0800288b   Thumb Code    10  fsmc.o(i.HAL_SRAM_MspInit)
    HAL_TIMEx_BreakCallback                  0x08002895   Thumb Code     2  stm32f1xx_hal_tim_ex.o(i.HAL_TIMEx_BreakCallback)
    HAL_TIMEx_CommutCallback                 0x08002897   Thumb Code     2  stm32f1xx_hal_tim_ex.o(i.HAL_TIMEx_CommutCallback)
    HAL_TIMEx_ConfigBreakDeadTime            0x08002899   Thumb Code   116  stm32f1xx_hal_tim_ex.o(i.HAL_TIMEx_ConfigBreakDeadTime)
    HAL_TIMEx_MasterConfigSynchronization    0x0800290d   Thumb Code   134  stm32f1xx_hal_tim_ex.o(i.HAL_TIMEx_MasterConfigSynchronization)
    HAL_TIM_Base_Init                        0x080029a9   Thumb Code   102  stm32f1xx_hal_tim.o(i.HAL_TIM_Base_Init)
    HAL_TIM_Base_MspInit                     0x08002a11   Thumb Code    76  tim.o(i.HAL_TIM_Base_MspInit)
    HAL_TIM_Base_Start_IT                    0x08002a65   Thumb Code   122  stm32f1xx_hal_tim.o(i.HAL_TIM_Base_Start_IT)
    HAL_TIM_ConfigClockSource                0x08002af5   Thumb Code   268  stm32f1xx_hal_tim.o(i.HAL_TIM_ConfigClockSource)
    HAL_TIM_IC_CaptureCallback               0x08002c01   Thumb Code     2  stm32f1xx_hal_tim.o(i.HAL_TIM_IC_CaptureCallback)
    HAL_TIM_IRQHandler                       0x08002c03   Thumb Code   406  stm32f1xx_hal_tim.o(i.HAL_TIM_IRQHandler)
    HAL_TIM_MspPostInit                      0x08002d99   Thumb Code    74  tim.o(i.HAL_TIM_MspPostInit)
    HAL_TIM_OC_DelayElapsedCallback          0x08002df1   Thumb Code     2  stm32f1xx_hal_tim.o(i.HAL_TIM_OC_DelayElapsedCallback)
    HAL_TIM_PWM_ConfigChannel                0x08002df3   Thumb Code   260  stm32f1xx_hal_tim.o(i.HAL_TIM_PWM_ConfigChannel)
    HAL_TIM_PWM_Init                         0x08002ef7   Thumb Code   102  stm32f1xx_hal_tim.o(i.HAL_TIM_PWM_Init)
    HAL_TIM_PWM_MspInit                      0x08002f5d   Thumb Code     2  stm32f1xx_hal_tim.o(i.HAL_TIM_PWM_MspInit)
    HAL_TIM_PWM_PulseFinishedCallback        0x08002f5f   Thumb Code     2  stm32f1xx_hal_tim.o(i.HAL_TIM_PWM_PulseFinishedCallback)
    HAL_TIM_PWM_Start                        0x08002f61   Thumb Code   222  stm32f1xx_hal_tim.o(i.HAL_TIM_PWM_Start)
    HAL_TIM_PeriodElapsedCallback            0x08003055   Thumb Code    18  main.o(i.HAL_TIM_PeriodElapsedCallback)
    HAL_TIM_TriggerCallback                  0x0800306d   Thumb Code     2  stm32f1xx_hal_tim.o(i.HAL_TIM_TriggerCallback)
    HAL_USART_ErrorCallback                  0x0800306f   Thumb Code     2  stm32f1xx_hal_usart.o(i.HAL_USART_ErrorCallback)
    HAL_USART_IRQHandler                     0x08003071   Thumb Code   384  stm32f1xx_hal_usart.o(i.HAL_USART_IRQHandler)
    HAL_USART_Init                           0x080031f5   Thumb Code    90  stm32f1xx_hal_usart.o(i.HAL_USART_Init)
    HAL_USART_MspInit                        0x08003251   Thumb Code   242  usart.o(i.HAL_USART_MspInit)
    HAL_USART_RxCpltCallback                 0x0800335d   Thumb Code     2  stm32f1xx_hal_usart.o(i.HAL_USART_RxCpltCallback)
    HAL_USART_Transmit                       0x0800335f   Thumb Code   204  stm32f1xx_hal_usart.o(i.HAL_USART_Transmit)
    HAL_USART_TxCpltCallback                 0x0800342b   Thumb Code     2  stm32f1xx_hal_usart.o(i.HAL_USART_TxCpltCallback)
    HAL_USART_TxRxCpltCallback               0x0800342d   Thumb Code     2  stm32f1xx_hal_usart.o(i.HAL_USART_TxRxCpltCallback)
    HardFault_Handler                        0x0800342f   Thumb Code     4  stm32f1xx_it.o(i.HardFault_Handler)
    MX_CAN_Init                              0x080039c1   Thumb Code    54  can.o(i.MX_CAN_Init)
    MX_DMA_Init                              0x08003a01   Thumb Code    64  dma.o(i.MX_DMA_Init)
    MX_FREERTOS_Init                         0x08003a45   Thumb Code   134  freertos.o(i.MX_FREERTOS_Init)
    MX_FSMC_Init                             0x08003b2d   Thumb Code   168  fsmc.o(i.MX_FSMC_Init)
    MX_GPIO_Init                             0x08003be1   Thumb Code   342  gpio.o(i.MX_GPIO_Init)
    MX_I2C1_Init                             0x08003d49   Thumb Code    48  i2c.o(i.MX_I2C1_Init)
    MX_TIM2_Init                             0x08003d85   Thumb Code   100  tim.o(i.MX_TIM2_Init)
    MX_TIM8_Init                             0x08003ded   Thumb Code   204  tim.o(i.MX_TIM8_Init)
    MX_USART1_Init                           0x08003ec1   Thumb Code    48  usart.o(i.MX_USART1_Init)
    MemManage_Handler                        0x08003ef9   Thumb Code     4  stm32f1xx_it.o(i.MemManage_Handler)
    NMI_Handler                              0x08003efd   Thumb Code     4  stm32f1xx_it.o(i.NMI_Handler)
    StartDefaultTask                         0x08003f29   Thumb Code    52  freertos.o(i.StartDefaultTask)
    StartTaskKey                             0x08003f71   Thumb Code   146  freertos.o(i.StartTaskKey)
    StartTaskUsart                           0x0800400d   Thumb Code   556  freertos.o(i.StartTaskUsart)
    SysTick_Handler                          0x08004269   Thumb Code    46  port.o(i.SysTick_Handler)
    SystemClock_Config                       0x0800429d   Thumb Code   102  main.o(i.SystemClock_Config)
    SystemInit                               0x08004303   Thumb Code     2  system_stm32f1xx.o(i.SystemInit)
    TIM6_IRQHandler                          0x08004305   Thumb Code    10  stm32f1xx_it.o(i.TIM6_IRQHandler)
    TIM_Base_SetConfig                       0x08004315   Thumb Code   134  stm32f1xx_hal_tim.o(i.TIM_Base_SetConfig)
    TIM_CCxChannelCmd                        0x080043b1   Thumb Code    34  stm32f1xx_hal_tim.o(i.TIM_CCxChannelCmd)
    TIM_ETR_SetConfig                        0x080043d3   Thumb Code    22  stm32f1xx_hal_tim.o(i.TIM_ETR_SetConfig)
    TIM_OC2_SetConfig                        0x0800446d   Thumb Code   114  stm32f1xx_hal_tim.o(i.TIM_OC2_SetConfig)
    USART1_IRQHandler                        0x08004619   Thumb Code    10  stm32f1xx_it.o(i.USART1_IRQHandler)
    UsageFault_Handler                       0x08004acb   Thumb Code     4  stm32f1xx_it.o(i.UsageFault_Handler)
    __0printf                                0x08004ad1   Thumb Code    22  printfa.o(i.__0printf)
    __1printf                                0x08004ad1   Thumb Code     0  printfa.o(i.__0printf)
    __2printf                                0x08004ad1   Thumb Code     0  printfa.o(i.__0printf)
    __c89printf                              0x08004ad1   Thumb Code     0  printfa.o(i.__0printf)
    printf                                   0x08004ad1   Thumb Code     0  printfa.o(i.__0printf)
    __0sprintf                               0x08004af1   Thumb Code    34  printfa.o(i.__0sprintf)
    __1sprintf                               0x08004af1   Thumb Code     0  printfa.o(i.__0sprintf)
    __2sprintf                               0x08004af1   Thumb Code     0  printfa.o(i.__0sprintf)
    __c89sprintf                             0x08004af1   Thumb Code     0  printfa.o(i.__0sprintf)
    sprintf                                  0x08004af1   Thumb Code     0  printfa.o(i.__0sprintf)
    __scatterload_copy                       0x08004b63   Thumb Code    14  handlers.o(i.__scatterload_copy)
    __scatterload_null                       0x08004b71   Thumb Code     2  handlers.o(i.__scatterload_null)
    __scatterload_zeroinit                   0x08004b73   Thumb Code    14  handlers.o(i.__scatterload_zeroinit)
    at24cxx_init                             0x08005415   Thumb Code    28  24cxx.o(i.at24cxx_init)
    at24cxx_read                             0x08005471   Thumb Code    30  24cxx.o(i.at24cxx_read)
    at24cxx_read_one_byte                    0x08005495   Thumb Code    40  24cxx.o(i.at24cxx_read_one_byte)
    at24cxx_write                            0x080054c1   Thumb Code    36  24cxx.o(i.at24cxx_write)
    at24cxx_write_one_byte                   0x080054e9   Thumb Code    40  24cxx.o(i.at24cxx_write_one_byte)
    ct_iic_ack                               0x08005515   Thumb Code    78  ctiic.o(i.ct_iic_ack)
    ct_iic_init                              0x08005579   Thumb Code   114  ctiic.o(i.ct_iic_init)
    ct_iic_nack                              0x080055f9   Thumb Code    58  ctiic.o(i.ct_iic_nack)
    ct_iic_read_byte                         0x0800563d   Thumb Code    90  ctiic.o(i.ct_iic_read_byte)
    ct_iic_send_byte                         0x080056a1   Thumb Code   104  ctiic.o(i.ct_iic_send_byte)
    ct_iic_start                             0x08005711   Thumb Code    74  ctiic.o(i.ct_iic_start)
    ct_iic_stop                              0x08005765   Thumb Code    60  ctiic.o(i.ct_iic_stop)
    ct_iic_wait_ack                          0x080057a9   Thumb Code   102  ctiic.o(i.ct_iic_wait_ack)
    delay_us                                 0x08005819   Thumb Code    34  delay.o(i.delay_us)
    fputc                                    0x080058a5   Thumb Code    22  usart.o(i.fputc)
    ft5206_init                              0x080058c1   Thumb Code   298  ft5206.o(i.ft5206_init)
    ft5206_rd_reg                            0x08005a01   Thumb Code    88  ft5206.o(i.ft5206_rd_reg)
    ft5206_scan                              0x08005a59   Thumb Code   404  ft5206.o(i.ft5206_scan)
    ft5206_wr_reg                            0x08005bfd   Thumb Code    82  ft5206.o(i.ft5206_wr_reg)
    gt9xxx_init                              0x08005c51   Thumb Code   324  gt9xxx.o(i.gt9xxx_init)
    gt9xxx_rd_reg                            0x08005dc9   Thumb Code    98  gt9xxx.o(i.gt9xxx_rd_reg)
    gt9xxx_scan                              0x08005e2d   Thumb Code   732  gt9xxx.o(i.gt9xxx_scan)
    gt9xxx_wr_reg                            0x0800611d   Thumb Code    92  gt9xxx.o(i.gt9xxx_wr_reg)
    key_scan                                 0x08006179   Thumb Code   166  key.o(i.key_scan)
    lcd_clear                                0x0800622d   Thumb Code    42  lcd.o(i.lcd_clear)
    lcd_display_dir                          0x08006261   Thumb Code   360  lcd.o(i.lcd_display_dir)
    lcd_display_on                           0x080063cd   Thumb Code    32  lcd.o(i.lcd_display_on)
    lcd_draw_circle                          0x080063f1   Thumb Code   170  lcd.o(i.lcd_draw_circle)
    lcd_draw_line                            0x0800649b   Thumb Code   172  lcd.o(i.lcd_draw_line)
    lcd_draw_point                           0x08006549   Thumb Code    26  lcd.o(i.lcd_draw_point)
    lcd_draw_rectangle                       0x08006569   Thumb Code    74  lcd.o(i.lcd_draw_rectangle)
    lcd_ex_ili9341_reginit                   0x080065b3   Thumb Code   556  lcd.o(i.lcd_ex_ili9341_reginit)
    lcd_ex_ili9806_reginit                   0x080067df   Thumb Code   832  lcd.o(i.lcd_ex_ili9806_reginit)
    lcd_ex_nt35310_reginit                   0x08006b1f   Thumb Code  3826  lcd.o(i.lcd_ex_nt35310_reginit)
    lcd_ex_nt35510_reginit                   0x08007a11   Thumb Code  3836  lcd.o(i.lcd_ex_nt35510_reginit)
    lcd_ex_ssd1963_reginit                   0x0800890d   Thumb Code   366  lcd.o(i.lcd_ex_ssd1963_reginit)
    lcd_ex_st7789_reginit                    0x08008a7b   Thumb Code   424  lcd.o(i.lcd_ex_st7789_reginit)
    lcd_ex_st7796_reginit                    0x08008c23   Thumb Code   454  lcd.o(i.lcd_ex_st7796_reginit)
    lcd_fill                                 0x08008de9   Thumb Code    80  lcd.o(i.lcd_fill)
    lcd_init                                 0x08008e3d   Thumb Code   746  lcd.o(i.lcd_init)
    lcd_scan_dir                             0x0800916d   Thumb Code   568  lcd.o(i.lcd_scan_dir)
    lcd_set_cursor                           0x080093a9   Thumb Code   282  lcd.o(i.lcd_set_cursor)
    lcd_set_window                           0x080094c9   Thumb Code   362  lcd.o(i.lcd_set_window)
    lcd_show_char                            0x08009639   Thumb Code   294  lcd.o(i.lcd_show_char)
    lcd_show_chinese_string                  0x08009779   Thumb Code   138  lcd.o(i.lcd_show_chinese_string)
    lcd_show_num                             0x08009809   Thumb Code   152  lcd.o(i.lcd_show_num)
    lcd_show_string                          0x080099a5   Thumb Code   106  lcd.o(i.lcd_show_string)
    lcd_ssd_backlight_set                    0x08009a11   Thumb Code    80  lcd.o(i.lcd_ssd_backlight_set)
    lcd_wr_data                              0x08009a65   Thumb Code    18  lcd.o(i.lcd_wr_data)
    lcd_wr_regno                             0x08009a7d   Thumb Code    18  lcd.o(i.lcd_wr_regno)
    lcd_write_ram_prepare                    0x08009a95   Thumb Code    10  lcd.o(i.lcd_write_ram_prepare)
    lcd_write_reg                            0x08009aa9   Thumb Code    10  lcd.o(i.lcd_write_reg)
    main                                     0x08009ab9   Thumb Code   114  main.o(i.main)
    osDelay                                  0x08009b75   Thumb Code    50  cmsis_os2.o(i.osDelay)
    osEventFlagsNew                          0x08009bad   Thumb Code    92  cmsis_os2.o(i.osEventFlagsNew)
    osKernelGetTickCount                     0x08009c0d   Thumb Code    46  cmsis_os2.o(i.osKernelGetTickCount)
    osKernelInitialize                       0x08009c41   Thumb Code    58  cmsis_os2.o(i.osKernelInitialize)
    osKernelStart                            0x08009c81   Thumb Code    64  cmsis_os2.o(i.osKernelStart)
    osMessageQueueNew                        0x08009cc5   Thumb Code   180  cmsis_os2.o(i.osMessageQueueNew)
    osMutexNew                               0x08009d7d   Thumb Code   202  cmsis_os2.o(i.osMutexNew)
    osSemaphoreNew                           0x08009e4d   Thumb Code   230  cmsis_os2.o(i.osSemaphoreNew)
    osThreadNew                              0x08009f39   Thumb Code   216  cmsis_os2.o(i.osThreadNew)
    osTimerNew                               0x0800a015   Thumb Code   194  cmsis_os2.o(i.osTimerNew)
    pvPortMalloc                             0x0800ab15   Thumb Code   296  heap_4.o(i.pvPortMalloc)
    pvTimerGetTimerID                        0x0800ac51   Thumb Code    44  timers.o(i.pvTimerGetTimerID)
    pxPortInitialiseStack                    0x0800ac7d   Thumb Code    30  port.o(i.pxPortInitialiseStack)
    tp_adjust                                0x0800aca1   Thumb Code   960  touch.o(i.tp_adjust)
    tp_get_adjust_data                       0x0800b251   Thumb Code    36  touch.o(i.tp_get_adjust_data)
    tp_init                                  0x0800b279   Thumb Code   534  touch.o(i.tp_init)
    tp_save_adjust_data                      0x0800b6f1   Thumb Code    24  touch.o(i.tp_save_adjust_data)
    tp_scan                                  0x0800b70d   Thumb Code   292  touch.o(i.tp_scan)
    uxListRemove                             0x0800b8a5   Thumb Code    40  list.o(i.uxListRemove)
    vApplicationGetIdleTaskMemory            0x0800b8cd   Thumb Code    14  cmsis_os2.o(i.vApplicationGetIdleTaskMemory)
    vApplicationGetTimerTaskMemory           0x0800b8e5   Thumb Code    16  cmsis_os2.o(i.vApplicationGetTimerTaskMemory)
    vListInitialise                          0x0800b8fd   Thumb Code    26  list.o(i.vListInitialise)
    vListInitialiseItem                      0x0800b917   Thumb Code     6  list.o(i.vListInitialiseItem)
    vListInsert                              0x0800b91d   Thumb Code    52  list.o(i.vListInsert)
    vListInsertEnd                           0x0800b951   Thumb Code    24  list.o(i.vListInsertEnd)
    vPortEnterCritical                       0x0800b969   Thumb Code    76  port.o(i.vPortEnterCritical)
    vPortExitCritical                        0x0800b9bd   Thumb Code    56  port.o(i.vPortExitCritical)
    vPortFree                                0x0800b9f9   Thumb Code   140  heap_4.o(i.vPortFree)
    vPortSetupTimerInterrupt                 0x0800ba8d   Thumb Code    36  port.o(i.vPortSetupTimerInterrupt)
    vPortValidateInterruptPriority           0x0800bab5   Thumb Code   106  port.o(i.vPortValidateInterruptPriority)
    vQueueAddToRegistry                      0x0800bb2d   Thumb Code    38  queue.o(i.vQueueAddToRegistry)
    vQueueDelete                             0x0800bb59   Thumb Code    50  queue.o(i.vQueueDelete)
    vQueueUnregisterQueue                    0x0800bb8d   Thumb Code    44  queue.o(i.vQueueUnregisterQueue)
    vQueueWaitForMessageRestricted           0x0800bbbd   Thumb Code    74  queue.o(i.vQueueWaitForMessageRestricted)
    vTaskDelay                               0x0800bc09   Thumb Code    82  tasks.o(i.vTaskDelay)
    vTaskInternalSetTimeOutState             0x0800bc65   Thumb Code    14  tasks.o(i.vTaskInternalSetTimeOutState)
    vTaskMissedYield                         0x0800bc7d   Thumb Code     8  tasks.o(i.vTaskMissedYield)
    vTaskPlaceOnEventList                    0x0800bc89   Thumb Code    52  tasks.o(i.vTaskPlaceOnEventList)
    vTaskPlaceOnEventListRestricted          0x0800bcc1   Thumb Code    60  tasks.o(i.vTaskPlaceOnEventListRestricted)
    vTaskStartScheduler                      0x0800bd01   Thumb Code   156  tasks.o(i.vTaskStartScheduler)
    vTaskSuspendAll                          0x0800bdb9   Thumb Code    12  tasks.o(i.vTaskSuspendAll)
    vTaskSwitchContext                       0x0800bdc9   Thumb Code   122  tasks.o(i.vTaskSwitchContext)
    xEventGroupCreate                        0x0800be59   Thumb Code    30  event_groups.o(i.xEventGroupCreate)
    xEventGroupCreateStatic                  0x0800be77   Thumb Code    90  event_groups.o(i.xEventGroupCreateStatic)
    xPortStartScheduler                      0x0800bed1   Thumb Code   228  port.o(i.xPortStartScheduler)
    xQueueCreateCountingSemaphore            0x0800bfc9   Thumb Code    92  queue.o(i.xQueueCreateCountingSemaphore)
    xQueueCreateCountingSemaphoreStatic      0x0800c025   Thumb Code   100  queue.o(i.xQueueCreateCountingSemaphoreStatic)
    xQueueCreateMutex                        0x0800c089   Thumb Code    34  queue.o(i.xQueueCreateMutex)
    xQueueCreateMutexStatic                  0x0800c0ab   Thumb Code    42  queue.o(i.xQueueCreateMutexStatic)
    xQueueGenericCreate                      0x0800c0d5   Thumb Code    94  queue.o(i.xQueueGenericCreate)
    xQueueGenericCreateStatic                0x0800c133   Thumb Code   222  queue.o(i.xQueueGenericCreateStatic)
    xQueueGenericReset                       0x0800c211   Thumb Code   146  queue.o(i.xQueueGenericReset)
    xQueueGenericSend                        0x0800c2a9   Thumb Code   420  queue.o(i.xQueueGenericSend)
    xQueueGenericSendFromISR                 0x0800c451   Thumb Code   248  queue.o(i.xQueueGenericSendFromISR)
    xQueueReceive                            0x0800c549   Thumb Code   356  queue.o(i.xQueueReceive)
    xTaskCheckForTimeOut                     0x0800c6b1   Thumb Code   132  tasks.o(i.xTaskCheckForTimeOut)
    xTaskCreate                              0x0800c73d   Thumb Code   100  tasks.o(i.xTaskCreate)
    xTaskCreateStatic                        0x0800c7a1   Thumb Code   184  tasks.o(i.xTaskCreateStatic)
    xTaskGetSchedulerState                   0x0800c859   Thumb Code    24  tasks.o(i.xTaskGetSchedulerState)
    xTaskGetTickCount                        0x0800c879   Thumb Code     6  tasks.o(i.xTaskGetTickCount)
    xTaskGetTickCountFromISR                 0x0800c885   Thumb Code    16  tasks.o(i.xTaskGetTickCountFromISR)
    xTaskIncrementTick                       0x0800c899   Thumb Code   280  tasks.o(i.xTaskIncrementTick)
    xTaskPriorityDisinherit                  0x0800c9dd   Thumb Code   152  tasks.o(i.xTaskPriorityDisinherit)
    xTaskRemoveFromEventList                 0x0800ca81   Thumb Code   126  tasks.o(i.xTaskRemoveFromEventList)
    xTaskResumeAll                           0x0800cb19   Thumb Code   222  tasks.o(i.xTaskResumeAll)
    xTimerCreate                             0x0800cc1d   Thumb Code    54  timers.o(i.xTimerCreate)
    xTimerCreateStatic                       0x0800cc53   Thumb Code   112  timers.o(i.xTimerCreateStatic)
    xTimerCreateTimerTask                    0x0800ccc5   Thumb Code   100  timers.o(i.xTimerCreateTimerTask)
    xTimerGenericCommand                     0x0800cd3d   Thumb Code   128  timers.o(i.xTimerGenericCommand)
    defaultTask_attributes                   0x0800cdc0   Data          36  freertos.o(.constdata)
    myTaskUsart_attributes                   0x0800cde4   Data          36  freertos.o(.constdata)
    myTaskKey_attributes                     0x0800ce08   Data          36  freertos.o(.constdata)
    myQueue01_attributes                     0x0800ce2c   Data          24  freertos.o(.constdata)
    myTimer01_attributes                     0x0800ce44   Data          16  freertos.o(.constdata)
    myMutex01_attributes                     0x0800ce54   Data          16  freertos.o(.constdata)
    myRecursiveMutex01_attributes            0x0800ce64   Data          16  freertos.o(.constdata)
    myBinarySem01_attributes                 0x0800ce74   Data          16  freertos.o(.constdata)
    myCountingSem01_attributes               0x0800ce84   Data          16  freertos.o(.constdata)
    myEvent01_attributes                     0x0800ce94   Data          16  freertos.o(.constdata)
    asc2_1206                                0x0800cea4   Data        1140  lcd.o(.constdata)
    asc2_1608                                0x0800d318   Data        1520  lcd.o(.constdata)
    asc2_2412                                0x0800d908   Data        3420  lcd.o(.constdata)
    asc2_3216                                0x0800e664   Data        6080  lcd.o(.constdata)
    chinese                                  0x0800fe24   Data        1008  chinese_font.o(.constdata)
    ChineseFontCount                         0x08010214   Data           2  chinese_font.o(.constdata)
    ChineseFontIndex                         0x08010216   Data          42  chinese_font.o(.constdata)
    ChineseIndexCount                        0x08010240   Data           2  chinese_font.o(.constdata)
    FT5206_TPX_TBL                           0x08010242   Data          10  ft5206.o(.constdata)
    GT9XXX_TPX_TBL                           0x0801024c   Data          20  gt9xxx.o(.constdata)
    TP_REMIND_MSG_TBL                        0x08010260   Data           4  touch.o(.constdata)
    AHBPrescTable                            0x08010276   Data          16  system_stm32f1xx.o(.constdata)
    APBPrescTable                            0x08010286   Data           8  system_stm32f1xx.o(.constdata)
    Region$$Table$$Base                      0x08010394   Number         0  anon$$obj.o(Region$$Table)
    Region$$Table$$Limit                     0x080103b4   Number         0  anon$$obj.o(Region$$Table)
    UART_BUF                                 0x20000000   Data           8  freertos.o(.data)
    Fan_PWM_Value                            0x20000008   Data           2  freertos.o(.data)
    defaultTaskHandle                        0x2000000c   Data           4  freertos.o(.data)
    myTaskUsartHandle                        0x20000010   Data           4  freertos.o(.data)
    myTaskKeyHandle                          0x20000014   Data           4  freertos.o(.data)
    myQueue01Handle                          0x20000018   Data           4  freertos.o(.data)
    myTimer01Handle                          0x2000001c   Data           4  freertos.o(.data)
    myMutex01Handle                          0x20000020   Data           4  freertos.o(.data)
    myRecursiveMutex01Handle                 0x20000024   Data           4  freertos.o(.data)
    myBinarySem01Handle                      0x20000028   Data           4  freertos.o(.data)
    myCountingSem01Handle                    0x2000002c   Data           4  freertos.o(.data)
    myEvent01Handle                          0x20000030   Data           4  freertos.o(.data)
    g_point_color                            0x20000044   Data           4  lcd.o(.data)
    g_back_color                             0x20000048   Data           4  lcd.o(.data)
    g_gt_tnum                                0x2000004e   Data           1  gt9xxx.o(.data)
    tp_dev                                   0x20000050   Data          72  touch.o(.data)
    uwTick                                   0x20000098   Data           4  stm32f1xx_hal.o(.data)
    uwTickPrio                               0x2000009c   Data           4  stm32f1xx_hal.o(.data)
    uwTickFreq                               0x200000a0   Data           1  stm32f1xx_hal.o(.data)
    SystemCoreClock                          0x200000a4   Data           4  system_stm32f1xx.o(.data)
    pxCurrentTCB                             0x200000a8   Data           4  tasks.o(.data)
    __stdout                                 0x20000120   Data           4  stdout.o(.data)
    hcan                                     0x20000124   Data          40  can.o(.bss)
    hsram4                                   0x2000014c   Data          72  fsmc.o(.bss)
    hi2c1                                    0x20000194   Data          84  i2c.o(.bss)
    htim2                                    0x200001e8   Data          72  tim.o(.bss)
    htim8                                    0x20000230   Data          72  tim.o(.bss)
    husart1                                  0x20000278   Data          68  usart.o(.bss)
    hdma_usart1_rx                           0x200002bc   Data          68  usart.o(.bss)
    hdma_usart1_tx                           0x20000300   Data          68  usart.o(.bss)
    htim6                                    0x20000344   Data          72  stm32f1xx_hal_timebase_tim.o(.bss)
    g_sram_handle                            0x2000038c   Data          72  lcd.o(.bss)
    lcddev                                   0x200003d4   Data          14  lcd.o(.bss)
    xQueueRegistry                           0x200003e4   Data          64  queue.o(.bss)
    __initial_sp                             0x200020b8   Data           0  startup_stm32f103xe.o(STACK)



==============================================================================

Memory Map of the image

  Image Entry point : 0x08000131

  Load Region LR_IROM1 (Base: 0x08000000, Size: 0x000104d8, Max: 0x00080000, ABSOLUTE)

    Execution Region ER_IROM1 (Exec base: 0x08000000, Load base: 0x08000000, Size: 0x000103b4, Max: 0x00080000, ABSOLUTE)

    Exec Addr    Load Addr    Size         Type   Attr      Idx    E Section Name        Object

    0x08000000   0x08000000   0x00000130   Data   RO            3    RESET               startup_stm32f103xe.o
    0x08000130   0x08000130   0x00000000   Code   RO         6524  * .ARM.Collect$$$$00000000  mc_w.l(entry.o)
    0x08000130   0x08000130   0x00000004   Code   RO         6822    .ARM.Collect$$$$00000001  mc_w.l(entry2.o)
    0x08000134   0x08000134   0x00000004   Code   RO         6825    .ARM.Collect$$$$00000004  mc_w.l(entry5.o)
    0x08000138   0x08000138   0x00000000   Code   RO         6827    .ARM.Collect$$$$00000008  mc_w.l(entry7b.o)
    0x08000138   0x08000138   0x00000000   Code   RO         6829    .ARM.Collect$$$$0000000A  mc_w.l(entry8b.o)
    0x08000138   0x08000138   0x00000008   Code   RO         6830    .ARM.Collect$$$$0000000B  mc_w.l(entry9a.o)
    0x08000140   0x08000140   0x00000004   Code   RO         6837    .ARM.Collect$$$$0000000E  mc_w.l(entry12b.o)
    0x08000144   0x08000144   0x00000000   Code   RO         6832    .ARM.Collect$$$$0000000F  mc_w.l(entry10a.o)
    0x08000144   0x08000144   0x00000000   Code   RO         6834    .ARM.Collect$$$$00000011  mc_w.l(entry11a.o)
    0x08000144   0x08000144   0x00000004   Code   RO         6823    .ARM.Collect$$$$00002712  mc_w.l(entry2.o)
    0x08000148   0x08000148   0x00000096   Code   RO         6447    .emb_text           port.o
    0x080001de   0x080001de   0x00000002   PAD
    0x080001e0   0x080001e0   0x00000024   Code   RO            4    .text               startup_stm32f103xe.o
    0x08000204   0x08000204   0x00000020   Code   RO         6527    .text               mc_w.l(llushr.o)
    0x08000224   0x08000224   0x00000024   Code   RO         6529    .text               mc_w.l(memcpya.o)
    0x08000248   0x08000248   0x00000024   Code   RO         6533    .text               mc_w.l(memseta.o)
    0x0800026c   0x0800026c   0x0000001c   Code   RO         6535    .text               mc_w.l(strcmp.o)
    0x08000288   0x08000288   0x000000b0   Code   RO         6800    .text               mf_w.l(fadd.o)
    0x08000338   0x08000338   0x0000007c   Code   RO         6802    .text               mf_w.l(fdiv.o)
    0x080003b4   0x080003b4   0x000000e4   Code   RO         6804    .text               mf_w.l(dmul.o)
    0x08000498   0x08000498   0x000000de   Code   RO         6806    .text               mf_w.l(ddiv.o)
    0x08000576   0x08000576   0x00000012   Code   RO         6808    .text               mf_w.l(fflti.o)
    0x08000588   0x08000588   0x00000022   Code   RO         6810    .text               mf_w.l(dflti.o)
    0x080005aa   0x080005aa   0x0000001a   Code   RO         6812    .text               mf_w.l(dfltui.o)
    0x080005c4   0x080005c4   0x00000028   Code   RO         6814    .text               mf_w.l(ffixui.o)
    0x080005ec   0x080005ec   0x00000032   Code   RO         6816    .text               mf_w.l(dfixui.o)
    0x0800061e   0x0800061e   0x00000002   PAD
    0x08000620   0x08000620   0x00000030   Code   RO         6818    .text               mf_w.l(cdcmple.o)
    0x08000650   0x08000650   0x00000030   Code   RO         6820    .text               mf_w.l(cdrcmple.o)
    0x08000680   0x08000680   0x0000002c   Code   RO         6839    .text               mc_w.l(uidiv.o)
    0x080006ac   0x080006ac   0x00000062   Code   RO         6841    .text               mc_w.l(uldiv.o)
    0x0800070e   0x0800070e   0x00000000   Code   RO         6843    .text               mc_w.l(iusefp.o)
    0x0800070e   0x0800070e   0x0000006e   Code   RO         6844    .text               mf_w.l(fepilogue.o)
    0x0800077c   0x0800077c   0x000000ba   Code   RO         6846    .text               mf_w.l(depilogue.o)
    0x08000836   0x08000836   0x0000014e   Code   RO         6848    .text               mf_w.l(dadd.o)
    0x08000984   0x08000984   0x00000030   Code   RO         6850    .text               mf_w.l(dfixul.o)
    0x080009b4   0x080009b4   0x00000024   Code   RO         6852    .text               mc_w.l(init.o)
    0x080009d8   0x080009d8   0x0000001e   Code   RO         6854    .text               mc_w.l(llshl.o)
    0x080009f6   0x080009f6   0x00000024   Code   RO         6856    .text               mc_w.l(llsshr.o)
    0x08000a1a   0x08000a1a   0x00000004   Code   RO          668    i.BusFault_Handler  stm32f1xx_it.o
    0x08000a1e   0x08000a1e   0x00000002   Code   RO          321    i.CallbackTimer01   freertos.o
    0x08000a20   0x08000a20   0x000000ac   Code   RO          813    i.Check_Touch_Button  lcd_touch.o
    0x08000acc   0x08000acc   0x00000010   Code   RO          669    i.DMA1_Channel4_IRQHandler  stm32f1xx_it.o
    0x08000adc   0x08000adc   0x00000010   Code   RO          670    i.DMA1_Channel5_IRQHandler  stm32f1xx_it.o
    0x08000aec   0x08000aec   0x00000028   Code   RO         1535    i.DWT_Init          delay.o
    0x08000b14   0x08000b14   0x00000002   Code   RO          671    i.DebugMon_Handler  stm32f1xx_it.o
    0x08000b16   0x08000b16   0x00000006   Code   RO           13    i.Error_Handler     main.o
    0x08000b1c   0x08000b1c   0x00000044   Code   RO         2854    i.FSMC_NORSRAM_Extended_Timing_Init  stm32f1xx_ll_fsmc.o
    0x08000b60   0x08000b60   0x00000078   Code   RO         2855    i.FSMC_NORSRAM_Init  stm32f1xx_ll_fsmc.o
    0x08000bd8   0x08000bd8   0x00000042   Code   RO         2856    i.FSMC_NORSRAM_Timing_Init  stm32f1xx_ll_fsmc.o
    0x08000c1a   0x08000c1a   0x00000174   Code   RO         1618    i.HAL_CAN_Init      stm32f1xx_hal_can.o
    0x08000d8e   0x08000d8e   0x00000002   PAD
    0x08000d90   0x08000d90   0x00000088   Code   RO          400    i.HAL_CAN_MspInit   can.o
    0x08000e18   0x08000e18   0x000001a8   Code   RO         2225    i.HAL_DMA_Abort_IT  stm32f1xx_hal_dma.o
    0x08000fc0   0x08000fc0   0x00000398   Code   RO         2229    i.HAL_DMA_IRQHandler  stm32f1xx_hal_dma.o
    0x08001358   0x08001358   0x0000008c   Code   RO         2230    i.HAL_DMA_Init      stm32f1xx_hal_dma.o
    0x080013e4   0x080013e4   0x00000028   Code   RO         1845    i.HAL_Delay         stm32f1xx_hal.o
    0x0800140c   0x0800140c   0x00000094   Code   RO          466    i.HAL_FSMC_MspInit  fsmc.o
    0x080014a0   0x080014a0   0x00000340   Code   RO         2160    i.HAL_GPIO_Init     stm32f1xx_hal_gpio.o
    0x080017e0   0x080017e0   0x00000010   Code   RO         2162    i.HAL_GPIO_ReadPin  stm32f1xx_hal_gpio.o
    0x080017f0   0x080017f0   0x0000000c   Code   RO         2164    i.HAL_GPIO_WritePin  stm32f1xx_hal_gpio.o
    0x080017fc   0x080017fc   0x0000000c   Code   RO         1849    i.HAL_GetTick       stm32f1xx_hal.o
    0x08001808   0x08001808   0x00000008   Code   RO         3117    i.HAL_I2C_GetState  stm32f1xx_hal_i2c.o
    0x08001810   0x08001810   0x000001d0   Code   RO         3118    i.HAL_I2C_Init      stm32f1xx_hal_i2c.o
    0x080019e0   0x080019e0   0x00000364   Code   RO         3136    i.HAL_I2C_Mem_Read  stm32f1xx_hal_i2c.o
    0x08001d44   0x08001d44   0x00000164   Code   RO         3139    i.HAL_I2C_Mem_Write  stm32f1xx_hal_i2c.o
    0x08001ea8   0x08001ea8   0x00000074   Code   RO          519    i.HAL_I2C_MspInit   i2c.o
    0x08001f1c   0x08001f1c   0x00000018   Code   RO         1855    i.HAL_IncTick       stm32f1xx_hal.o
    0x08001f34   0x08001f34   0x00000028   Code   RO         1856    i.HAL_Init          stm32f1xx_hal.o
    0x08001f5c   0x08001f5c   0x000000b4   Code   RO          774    i.HAL_InitTick      stm32f1xx_hal_timebase_tim.o
    0x08002010   0x08002010   0x00000060   Code   RO          750    i.HAL_MspInit       stm32f1xx_hal_msp.o
    0x08002070   0x08002070   0x00000020   Code   RO         2320    i.HAL_NVIC_EnableIRQ  stm32f1xx_hal_cortex.o
    0x08002090   0x08002090   0x0000007c   Code   RO         2326    i.HAL_NVIC_SetPriority  stm32f1xx_hal_cortex.o
    0x0800210c   0x0800210c   0x00000028   Code   RO         2327    i.HAL_NVIC_SetPriorityGrouping  stm32f1xx_hal_cortex.o
    0x08002134   0x08002134   0x0000018c   Code   RO         2013    i.HAL_RCC_ClockConfig  stm32f1xx_hal_rcc.o
    0x080022c0   0x080022c0   0x00000044   Code   RO         2017    i.HAL_RCC_GetClockConfig  stm32f1xx_hal_rcc.o
    0x08002304   0x08002304   0x0000000c   Code   RO         2018    i.HAL_RCC_GetHCLKFreq  stm32f1xx_hal_rcc.o
    0x08002310   0x08002310   0x00000020   Code   RO         2020    i.HAL_RCC_GetPCLK1Freq  stm32f1xx_hal_rcc.o
    0x08002330   0x08002330   0x00000020   Code   RO         2021    i.HAL_RCC_GetPCLK2Freq  stm32f1xx_hal_rcc.o
    0x08002350   0x08002350   0x00000070   Code   RO         2022    i.HAL_RCC_GetSysClockFreq  stm32f1xx_hal_rcc.o
    0x080023c0   0x080023c0   0x00000464   Code   RO         2025    i.HAL_RCC_OscConfig  stm32f1xx_hal_rcc.o
    0x08002824   0x08002824   0x00000066   Code   RO         2976    i.HAL_SRAM_Init     stm32f1xx_hal_sram.o
    0x0800288a   0x0800288a   0x0000000a   Code   RO          468    i.HAL_SRAM_MspInit  fsmc.o
    0x08002894   0x08002894   0x00000002   Code   RO         4301    i.HAL_TIMEx_BreakCallback  stm32f1xx_hal_tim_ex.o
    0x08002896   0x08002896   0x00000002   Code   RO         4302    i.HAL_TIMEx_CommutCallback  stm32f1xx_hal_tim_ex.o
    0x08002898   0x08002898   0x00000074   Code   RO         4304    i.HAL_TIMEx_ConfigBreakDeadTime  stm32f1xx_hal_tim_ex.o
    0x0800290c   0x0800290c   0x0000009c   Code   RO         4320    i.HAL_TIMEx_MasterConfigSynchronization  stm32f1xx_hal_tim_ex.o
    0x080029a8   0x080029a8   0x00000066   Code   RO         3586    i.HAL_TIM_Base_Init  stm32f1xx_hal_tim.o
    0x08002a0e   0x08002a0e   0x00000002   PAD
    0x08002a10   0x08002a10   0x00000054   Code   RO          561    i.HAL_TIM_Base_MspInit  tim.o
    0x08002a64   0x08002a64   0x00000090   Code   RO         3591    i.HAL_TIM_Base_Start_IT  stm32f1xx_hal_tim.o
    0x08002af4   0x08002af4   0x0000010c   Code   RO         3595    i.HAL_TIM_ConfigClockSource  stm32f1xx_hal_tim.o
    0x08002c00   0x08002c00   0x00000002   Code   RO         3620    i.HAL_TIM_IC_CaptureCallback  stm32f1xx_hal_tim.o
    0x08002c02   0x08002c02   0x00000196   Code   RO         3634    i.HAL_TIM_IRQHandler  stm32f1xx_hal_tim.o
    0x08002d98   0x08002d98   0x00000058   Code   RO          562    i.HAL_TIM_MspPostInit  tim.o
    0x08002df0   0x08002df0   0x00000002   Code   RO         3637    i.HAL_TIM_OC_DelayElapsedCallback  stm32f1xx_hal_tim.o
    0x08002df2   0x08002df2   0x00000104   Code   RO         3658    i.HAL_TIM_PWM_ConfigChannel  stm32f1xx_hal_tim.o
    0x08002ef6   0x08002ef6   0x00000066   Code   RO         3661    i.HAL_TIM_PWM_Init  stm32f1xx_hal_tim.o
    0x08002f5c   0x08002f5c   0x00000002   Code   RO         3663    i.HAL_TIM_PWM_MspInit  stm32f1xx_hal_tim.o
    0x08002f5e   0x08002f5e   0x00000002   Code   RO         3664    i.HAL_TIM_PWM_PulseFinishedCallback  stm32f1xx_hal_tim.o
    0x08002f60   0x08002f60   0x000000f4   Code   RO         3666    i.HAL_TIM_PWM_Start  stm32f1xx_hal_tim.o
    0x08003054   0x08003054   0x00000018   Code   RO           14    i.HAL_TIM_PeriodElapsedCallback  main.o
    0x0800306c   0x0800306c   0x00000002   Code   RO         3677    i.HAL_TIM_TriggerCallback  stm32f1xx_hal_tim.o
    0x0800306e   0x0800306e   0x00000002   Code   RO         4575    i.HAL_USART_ErrorCallback  stm32f1xx_hal_usart.o
    0x08003070   0x08003070   0x00000184   Code   RO         4578    i.HAL_USART_IRQHandler  stm32f1xx_hal_usart.o
    0x080031f4   0x080031f4   0x0000005a   Code   RO         4579    i.HAL_USART_Init    stm32f1xx_hal_usart.o
    0x0800324e   0x0800324e   0x00000002   PAD
    0x08003250   0x08003250   0x0000010c   Code   RO          615    i.HAL_USART_MspInit  usart.o
    0x0800335c   0x0800335c   0x00000002   Code   RO         4585    i.HAL_USART_RxCpltCallback  stm32f1xx_hal_usart.o
    0x0800335e   0x0800335e   0x000000cc   Code   RO         4587    i.HAL_USART_Transmit  stm32f1xx_hal_usart.o
    0x0800342a   0x0800342a   0x00000002   Code   RO         4593    i.HAL_USART_TxCpltCallback  stm32f1xx_hal_usart.o
    0x0800342c   0x0800342c   0x00000002   Code   RO         4595    i.HAL_USART_TxRxCpltCallback  stm32f1xx_hal_usart.o
    0x0800342e   0x0800342e   0x00000004   Code   RO          672    i.HardFault_Handler  stm32f1xx_it.o
    0x08003432   0x08003432   0x0000003e   Code   RO         3162    i.I2C_IsAcknowledgeFailed  stm32f1xx_hal_i2c.o
    0x08003470   0x08003470   0x00000160   Code   RO         3173    i.I2C_RequestMemoryRead  stm32f1xx_hal_i2c.o
    0x080035d0   0x080035d0   0x000000e0   Code   RO         3174    i.I2C_RequestMemoryWrite  stm32f1xx_hal_i2c.o
    0x080036b0   0x080036b0   0x00000066   Code   RO         3182    i.I2C_WaitOnBTFFlagUntilTimeout  stm32f1xx_hal_i2c.o
    0x08003716   0x08003716   0x000000be   Code   RO         3183    i.I2C_WaitOnFlagUntilTimeout  stm32f1xx_hal_i2c.o
    0x080037d4   0x080037d4   0x000000fa   Code   RO         3184    i.I2C_WaitOnMasterAddressFlagUntilTimeout  stm32f1xx_hal_i2c.o
    0x080038ce   0x080038ce   0x0000008a   Code   RO         3185    i.I2C_WaitOnRXNEFlagUntilTimeout  stm32f1xx_hal_i2c.o
    0x08003958   0x08003958   0x00000066   Code   RO         3188    i.I2C_WaitOnTXEFlagUntilTimeout  stm32f1xx_hal_i2c.o
    0x080039be   0x080039be   0x00000002   PAD
    0x080039c0   0x080039c0   0x00000040   Code   RO          401    i.MX_CAN_Init       can.o
    0x08003a00   0x08003a00   0x00000044   Code   RO          441    i.MX_DMA_Init       dma.o
    0x08003a44   0x08003a44   0x000000e8   Code   RO          322    i.MX_FREERTOS_Init  freertos.o
    0x08003b2c   0x08003b2c   0x000000b4   Code   RO          469    i.MX_FSMC_Init      fsmc.o
    0x08003be0   0x08003be0   0x00000168   Code   RO          232    i.MX_GPIO_Init      gpio.o
    0x08003d48   0x08003d48   0x0000003c   Code   RO          520    i.MX_I2C1_Init      i2c.o
    0x08003d84   0x08003d84   0x00000068   Code   RO          563    i.MX_TIM2_Init      tim.o
    0x08003dec   0x08003dec   0x000000d4   Code   RO          564    i.MX_TIM8_Init      tim.o
    0x08003ec0   0x08003ec0   0x00000038   Code   RO          616    i.MX_USART1_Init    usart.o
    0x08003ef8   0x08003ef8   0x00000004   Code   RO          673    i.MemManage_Handler  stm32f1xx_it.o
    0x08003efc   0x08003efc   0x00000004   Code   RO          674    i.NMI_Handler       stm32f1xx_it.o
    0x08003f00   0x08003f00   0x00000028   Code   RO         2026    i.RCC_Delay         stm32f1xx_hal_rcc.o
    0x08003f28   0x08003f28   0x00000048   Code   RO          323    i.StartDefaultTask  freertos.o
    0x08003f70   0x08003f70   0x0000009c   Code   RO          324    i.StartTaskKey      freertos.o
    0x0800400c   0x0800400c   0x0000025c   Code   RO          325    i.StartTaskUsart    freertos.o
    0x08004268   0x08004268   0x00000034   Code   RO         6448    i.SysTick_Handler   port.o
    0x0800429c   0x0800429c   0x00000066   Code   RO           15    i.SystemClock_Config  main.o
    0x08004302   0x08004302   0x00000002   Code   RO         4835    i.SystemInit        system_stm32f1xx.o
    0x08004304   0x08004304   0x00000010   Code   RO          675    i.TIM6_IRQHandler   stm32f1xx_it.o
    0x08004314   0x08004314   0x0000009c   Code   RO         3679    i.TIM_Base_SetConfig  stm32f1xx_hal_tim.o
    0x080043b0   0x080043b0   0x00000022   Code   RO         3680    i.TIM_CCxChannelCmd  stm32f1xx_hal_tim.o
    0x080043d2   0x080043d2   0x00000016   Code   RO         3690    i.TIM_ETR_SetConfig  stm32f1xx_hal_tim.o
    0x080043e8   0x080043e8   0x00000012   Code   RO         3691    i.TIM_ITRx_SetConfig  stm32f1xx_hal_tim.o
    0x080043fa   0x080043fa   0x00000002   PAD
    0x080043fc   0x080043fc   0x00000070   Code   RO         3692    i.TIM_OC1_SetConfig  stm32f1xx_hal_tim.o
    0x0800446c   0x0800446c   0x0000007c   Code   RO         3693    i.TIM_OC2_SetConfig  stm32f1xx_hal_tim.o
    0x080044e8   0x080044e8   0x00000078   Code   RO         3694    i.TIM_OC3_SetConfig  stm32f1xx_hal_tim.o
    0x08004560   0x08004560   0x00000054   Code   RO         3695    i.TIM_OC4_SetConfig  stm32f1xx_hal_tim.o
    0x080045b4   0x080045b4   0x00000026   Code   RO         3697    i.TIM_TI1_ConfigInputStage  stm32f1xx_hal_tim.o
    0x080045da   0x080045da   0x00000028   Code   RO         3699    i.TIM_TI2_ConfigInputStage  stm32f1xx_hal_tim.o
    0x08004602   0x08004602   0x00000016   Code   RO         5961    i.TimerCallback     cmsis_os2.o
    0x08004618   0x08004618   0x00000010   Code   RO          676    i.USART1_IRQHandler  stm32f1xx_it.o
    0x08004628   0x08004628   0x00000014   Code   RO         4596    i.USART_DMAAbortOnError  stm32f1xx_hal_usart.o
    0x0800463c   0x0800463c   0x00000020   Code   RO         4604    i.USART_EndRxTransfer  stm32f1xx_hal_usart.o
    0x0800465c   0x0800465c   0x0000002c   Code   RO         4605    i.USART_EndTransmit_IT  stm32f1xx_hal_usart.o
    0x08004688   0x08004688   0x000000a6   Code   RO         4607    i.USART_Receive_IT  stm32f1xx_hal_usart.o
    0x0800472e   0x0800472e   0x00000002   PAD
    0x08004730   0x08004730   0x000001bc   Code   RO         4608    i.USART_SetConfig   stm32f1xx_hal_usart.o
    0x080048ec   0x080048ec   0x000000fe   Code   RO         4609    i.USART_TransmitReceive_IT  stm32f1xx_hal_usart.o
    0x080049ea   0x080049ea   0x00000060   Code   RO         4610    i.USART_Transmit_IT  stm32f1xx_hal_usart.o
    0x08004a4a   0x08004a4a   0x00000080   Code   RO         4611    i.USART_WaitOnFlagUntilTimeout  stm32f1xx_hal_usart.o
    0x08004aca   0x08004aca   0x00000004   Code   RO          677    i.UsageFault_Handler  stm32f1xx_it.o
    0x08004ace   0x08004ace   0x00000002   PAD
    0x08004ad0   0x08004ad0   0x00000020   Code   RO         6772    i.__0printf         mc_w.l(printfa.o)
    0x08004af0   0x08004af0   0x00000028   Code   RO         6774    i.__0sprintf        mc_w.l(printfa.o)
    0x08004b18   0x08004b18   0x00000010   Code   RO         2333    i.__NVIC_GetPriorityGrouping  stm32f1xx_hal_cortex.o
    0x08004b28   0x08004b28   0x00000028   Code   RO         2334    i.__NVIC_SetPriority  stm32f1xx_hal_cortex.o
    0x08004b50   0x08004b50   0x00000006   Code   RO         5962    i.__get_BASEPRI     cmsis_os2.o
    0x08004b56   0x08004b56   0x00000006   Code   RO         5963    i.__get_IPSR        cmsis_os2.o
    0x08004b5c   0x08004b5c   0x00000006   Code   RO         5964    i.__get_PRIMASK     cmsis_os2.o
    0x08004b62   0x08004b62   0x0000000e   Code   RO         6860    i.__scatterload_copy  mc_w.l(handlers.o)
    0x08004b70   0x08004b70   0x00000002   Code   RO         6861    i.__scatterload_null  mc_w.l(handlers.o)
    0x08004b72   0x08004b72   0x0000000e   Code   RO         6862    i.__scatterload_zeroinit  mc_w.l(handlers.o)
    0x08004b80   0x08004b80   0x00000184   Code   RO         6779    i._fp_digits        mc_w.l(printfa.o)
    0x08004d04   0x08004d04   0x000006b4   Code   RO         6780    i._printf_core      mc_w.l(printfa.o)
    0x080053b8   0x080053b8   0x00000024   Code   RO         6781    i._printf_post_padding  mc_w.l(printfa.o)
    0x080053dc   0x080053dc   0x0000002e   Code   RO         6782    i._printf_pre_padding  mc_w.l(printfa.o)
    0x0800540a   0x0800540a   0x0000000a   Code   RO         6784    i._sputc            mc_w.l(printfa.o)
    0x08005414   0x08005414   0x0000005c   Code   RO         1482    i.at24cxx_init      24cxx.o
    0x08005470   0x08005470   0x00000024   Code   RO         1483    i.at24cxx_read      24cxx.o
    0x08005494   0x08005494   0x0000002c   Code   RO         1484    i.at24cxx_read_one_byte  24cxx.o
    0x080054c0   0x080054c0   0x00000028   Code   RO         1485    i.at24cxx_write     24cxx.o
    0x080054e8   0x080054e8   0x0000002c   Code   RO         1486    i.at24cxx_write_one_byte  24cxx.o
    0x08005514   0x08005514   0x00000058   Code   RO         1188    i.ct_iic_ack        ctiic.o
    0x0800556c   0x0800556c   0x0000000a   Code   RO         1189    i.ct_iic_delay      ctiic.o
    0x08005576   0x08005576   0x00000002   PAD
    0x08005578   0x08005578   0x00000080   Code   RO         1190    i.ct_iic_init       ctiic.o
    0x080055f8   0x080055f8   0x00000044   Code   RO         1191    i.ct_iic_nack       ctiic.o
    0x0800563c   0x0800563c   0x00000064   Code   RO         1192    i.ct_iic_read_byte  ctiic.o
    0x080056a0   0x080056a0   0x00000070   Code   RO         1193    i.ct_iic_send_byte  ctiic.o
    0x08005710   0x08005710   0x00000054   Code   RO         1194    i.ct_iic_start      ctiic.o
    0x08005764   0x08005764   0x00000044   Code   RO         1195    i.ct_iic_stop       ctiic.o
    0x080057a8   0x080057a8   0x00000070   Code   RO         1196    i.ct_iic_wait_ack   ctiic.o
    0x08005818   0x08005818   0x00000030   Code   RO         1536    i.delay_us          delay.o
    0x08005848   0x08005848   0x0000005c   Code   RO          839    i.find_chinese_font_index  lcd.o
    0x080058a4   0x080058a4   0x0000001c   Code   RO          618    i.fputc             usart.o
    0x080058c0   0x080058c0   0x00000140   Code   RO         1262    i.ft5206_init       ft5206.o
    0x08005a00   0x08005a00   0x00000058   Code   RO         1263    i.ft5206_rd_reg     ft5206.o
    0x08005a58   0x08005a58   0x000001a4   Code   RO         1264    i.ft5206_scan       ft5206.o
    0x08005bfc   0x08005bfc   0x00000052   Code   RO         1265    i.ft5206_wr_reg     ft5206.o
    0x08005c4e   0x08005c4e   0x00000002   PAD
    0x08005c50   0x08005c50   0x00000178   Code   RO         1325    i.gt9xxx_init       gt9xxx.o
    0x08005dc8   0x08005dc8   0x00000062   Code   RO         1326    i.gt9xxx_rd_reg     gt9xxx.o
    0x08005e2a   0x08005e2a   0x00000002   PAD
    0x08005e2c   0x08005e2c   0x000002f0   Code   RO         1327    i.gt9xxx_scan       gt9xxx.o
    0x0800611c   0x0800611c   0x0000005c   Code   RO         1328    i.gt9xxx_wr_reg     gt9xxx.o
    0x08006178   0x08006178   0x000000b4   Code   RO         1163    i.key_scan          key.o
    0x0800622c   0x0800622c   0x00000034   Code   RO          840    i.lcd_clear         lcd.o
    0x08006260   0x08006260   0x0000016c   Code   RO          842    i.lcd_display_dir   lcd.o
    0x080063cc   0x080063cc   0x00000024   Code   RO          844    i.lcd_display_on    lcd.o
    0x080063f0   0x080063f0   0x000000aa   Code   RO          845    i.lcd_draw_circle   lcd.o
    0x0800649a   0x0800649a   0x000000ac   Code   RO          847    i.lcd_draw_line     lcd.o
    0x08006546   0x08006546   0x00000002   PAD
    0x08006548   0x08006548   0x00000020   Code   RO          848    i.lcd_draw_point    lcd.o
    0x08006568   0x08006568   0x0000004a   Code   RO          849    i.lcd_draw_rectangle  lcd.o
    0x080065b2   0x080065b2   0x0000022c   Code   RO          850    i.lcd_ex_ili9341_reginit  lcd.o
    0x080067de   0x080067de   0x00000340   Code   RO          851    i.lcd_ex_ili9806_reginit  lcd.o
    0x08006b1e   0x08006b1e   0x00000ef2   Code   RO          852    i.lcd_ex_nt35310_reginit  lcd.o
    0x08007a10   0x08007a10   0x00000efc   Code   RO          853    i.lcd_ex_nt35510_reginit  lcd.o
    0x0800890c   0x0800890c   0x0000016e   Code   RO          854    i.lcd_ex_ssd1963_reginit  lcd.o
    0x08008a7a   0x08008a7a   0x000001a8   Code   RO          855    i.lcd_ex_st7789_reginit  lcd.o
    0x08008c22   0x08008c22   0x000001c6   Code   RO          856    i.lcd_ex_st7796_reginit  lcd.o
    0x08008de8   0x08008de8   0x00000054   Code   RO          857    i.lcd_fill          lcd.o
    0x08008e3c   0x08008e3c   0x000002f4   Code   RO          859    i.lcd_init          lcd.o
    0x08009130   0x08009130   0x0000000c   Code   RO          860    i.lcd_opt_delay     lcd.o
    0x0800913c   0x0800913c   0x00000016   Code   RO          861    i.lcd_pow           lcd.o
    0x08009152   0x08009152   0x00000002   PAD
    0x08009154   0x08009154   0x00000018   Code   RO          862    i.lcd_rd_data       lcd.o
    0x0800916c   0x0800916c   0x0000023c   Code   RO          864    i.lcd_scan_dir      lcd.o
    0x080093a8   0x080093a8   0x00000120   Code   RO          865    i.lcd_set_cursor    lcd.o
    0x080094c8   0x080094c8   0x00000170   Code   RO          866    i.lcd_set_window    lcd.o
    0x08009638   0x08009638   0x00000140   Code   RO          867    i.lcd_show_char     lcd.o
    0x08009778   0x08009778   0x00000090   Code   RO          869    i.lcd_show_chinese_string  lcd.o
    0x08009808   0x08009808   0x00000098   Code   RO          871    i.lcd_show_num      lcd.o
    0x080098a0   0x080098a0   0x00000104   Code   RO          872    i.lcd_show_single_chinese  lcd.o
    0x080099a4   0x080099a4   0x0000006a   Code   RO          873    i.lcd_show_string   lcd.o
    0x08009a0e   0x08009a0e   0x00000002   PAD
    0x08009a10   0x08009a10   0x00000054   Code   RO          875    i.lcd_ssd_backlight_set  lcd.o
    0x08009a64   0x08009a64   0x00000018   Code   RO          876    i.lcd_wr_data       lcd.o
    0x08009a7c   0x08009a7c   0x00000018   Code   RO          877    i.lcd_wr_regno      lcd.o
    0x08009a94   0x08009a94   0x00000014   Code   RO          878    i.lcd_write_ram_prepare  lcd.o
    0x08009aa8   0x08009aa8   0x00000010   Code   RO          879    i.lcd_write_reg     lcd.o
    0x08009ab8   0x08009ab8   0x000000bc   Code   RO           16    i.main              main.o
    0x08009b74   0x08009b74   0x00000038   Code   RO         5965    i.osDelay           cmsis_os2.o
    0x08009bac   0x08009bac   0x00000060   Code   RO         5970    i.osEventFlagsNew   cmsis_os2.o
    0x08009c0c   0x08009c0c   0x00000034   Code   RO         5977    i.osKernelGetTickCount  cmsis_os2.o
    0x08009c40   0x08009c40   0x00000040   Code   RO         5979    i.osKernelInitialize  cmsis_os2.o
    0x08009c80   0x08009c80   0x00000044   Code   RO         5982    i.osKernelStart     cmsis_os2.o
    0x08009cc4   0x08009cc4   0x000000b8   Code   RO         5990    i.osMessageQueueNew  cmsis_os2.o
    0x08009d7c   0x08009d7c   0x000000d0   Code   RO         5996    i.osMutexNew        cmsis_os2.o
    0x08009e4c   0x08009e4c   0x000000ec   Code   RO         6001    i.osSemaphoreNew    cmsis_os2.o
    0x08009f38   0x08009f38   0x000000dc   Code   RO         6016    i.osThreadNew       cmsis_os2.o
    0x0800a014   0x0800a014   0x000000cc   Code   RO         6025    i.osTimerNew        cmsis_os2.o
    0x0800a0e0   0x0800a0e0   0x0000007c   Code   RO         5437    i.prvAddCurrentTaskToDelayedList  tasks.o
    0x0800a15c   0x0800a15c   0x000000b8   Code   RO         5438    i.prvAddNewTaskToReadyList  tasks.o
    0x0800a214   0x0800a214   0x00000074   Code   RO         5798    i.prvCheckForValidListAndQueue  timers.o
    0x0800a288   0x0800a288   0x00000048   Code   RO         5439    i.prvCheckTasksWaitingTermination  tasks.o
    0x0800a2d0   0x0800a2d0   0x0000002a   Code   RO         5033    i.prvCopyDataFromQueue  queue.o
    0x0800a2fa   0x0800a2fa   0x0000007c   Code   RO         5034    i.prvCopyDataToQueue  queue.o
    0x0800a376   0x0800a376   0x00000050   Code   RO         5440    i.prvDeleteTCB      tasks.o
    0x0800a3c6   0x0800a3c6   0x00000002   PAD
    0x0800a3c8   0x0800a3c8   0x00000028   Code   RO         5799    i.prvGetNextExpireTime  timers.o
    0x0800a3f0   0x0800a3f0   0x0000007c   Code   RO         6398    i.prvHeapInit       heap_4.o
    0x0800a46c   0x0800a46c   0x00000028   Code   RO         5441    i.prvIdleTask       tasks.o
    0x0800a494   0x0800a494   0x0000001c   Code   RO         5036    i.prvInitialiseMutex  queue.o
    0x0800a4b0   0x0800a4b0   0x0000002a   Code   RO         5037    i.prvInitialiseNewQueue  queue.o
    0x0800a4da   0x0800a4da   0x000000b4   Code   RO         5442    i.prvInitialiseNewTask  tasks.o
    0x0800a58e   0x0800a58e   0x0000004e   Code   RO         5800    i.prvInitialiseNewTimer  timers.o
    0x0800a5dc   0x0800a5dc   0x00000068   Code   RO         5443    i.prvInitialiseTaskLists  tasks.o
    0x0800a644   0x0800a644   0x00000068   Code   RO         6399    i.prvInsertBlockIntoFreeList  heap_4.o
    0x0800a6ac   0x0800a6ac   0x00000058   Code   RO         5801    i.prvInsertTimerInActiveList  timers.o
    0x0800a704   0x0800a704   0x0000001a   Code   RO         5038    i.prvIsQueueEmpty   queue.o
    0x0800a71e   0x0800a71e   0x0000001e   Code   RO         5039    i.prvIsQueueFull    queue.o
    0x0800a73c   0x0800a73c   0x00000064   Code   RO         5802    i.prvProcessExpiredTimer  timers.o
    0x0800a7a0   0x0800a7a0   0x00000128   Code   RO         5803    i.prvProcessReceivedCommands  timers.o
    0x0800a8c8   0x0800a8c8   0x00000074   Code   RO         5804    i.prvProcessTimerOrBlockTask  timers.o
    0x0800a93c   0x0800a93c   0x00000034   Code   RO         5445    i.prvResetNextTaskUnblockTime  tasks.o
    0x0800a970   0x0800a970   0x0000002c   Code   RO         5805    i.prvSampleTimeNow  timers.o
    0x0800a99c   0x0800a99c   0x000000a0   Code   RO         5806    i.prvSwitchTimerLists  timers.o
    0x0800aa3c   0x0800aa3c   0x00000040   Code   RO         6449    i.prvTaskExitError  port.o
    0x0800aa7c   0x0800aa7c   0x0000001a   Code   RO         5807    i.prvTimerTask      timers.o
    0x0800aa96   0x0800aa96   0x0000007e   Code   RO         5040    i.prvUnlockQueue    queue.o
    0x0800ab14   0x0800ab14   0x0000013c   Code   RO         6400    i.pvPortMalloc      heap_4.o
    0x0800ac50   0x0800ac50   0x0000002c   Code   RO         5808    i.pvTimerGetTimerID  timers.o
    0x0800ac7c   0x0800ac7c   0x00000024   Code   RO         6450    i.pxPortInitialiseStack  port.o
    0x0800aca0   0x0800aca0   0x000003f0   Code   RO         1371    i.tp_adjust         touch.o
    0x0800b090   0x0800b090   0x00000148   Code   RO         1372    i.tp_adjust_info_show  touch.o
    0x0800b1d8   0x0800b1d8   0x00000076   Code   RO         1374    i.tp_draw_touch_point  touch.o
    0x0800b24e   0x0800b24e   0x00000002   PAD
    0x0800b250   0x0800b250   0x00000028   Code   RO         1375    i.tp_get_adjust_data  touch.o
    0x0800b278   0x0800b278   0x00000234   Code   RO         1376    i.tp_init           touch.o
    0x0800b4ac   0x0800b4ac   0x000000d8   Code   RO         1377    i.tp_read_ad        touch.o
    0x0800b584   0x0800b584   0x00000078   Code   RO         1378    i.tp_read_xoy       touch.o
    0x0800b5fc   0x0800b5fc   0x00000044   Code   RO         1379    i.tp_read_xy        touch.o
    0x0800b640   0x0800b640   0x000000b0   Code   RO         1380    i.tp_read_xy2       touch.o
    0x0800b6f0   0x0800b6f0   0x0000001c   Code   RO         1381    i.tp_save_adjust_data  touch.o
    0x0800b70c   0x0800b70c   0x00000130   Code   RO         1382    i.tp_scan           touch.o
    0x0800b83c   0x0800b83c   0x00000068   Code   RO         1383    i.tp_write_byte     touch.o
    0x0800b8a4   0x0800b8a4   0x00000028   Code   RO         4993    i.uxListRemove      list.o
    0x0800b8cc   0x0800b8cc   0x00000018   Code   RO         6028    i.vApplicationGetIdleTaskMemory  cmsis_os2.o
    0x0800b8e4   0x0800b8e4   0x00000018   Code   RO         6029    i.vApplicationGetTimerTaskMemory  cmsis_os2.o
    0x0800b8fc   0x0800b8fc   0x0000001a   Code   RO         4994    i.vListInitialise   list.o
    0x0800b916   0x0800b916   0x00000006   Code   RO         4995    i.vListInitialiseItem  list.o
    0x0800b91c   0x0800b91c   0x00000034   Code   RO         4996    i.vListInsert       list.o
    0x0800b950   0x0800b950   0x00000018   Code   RO         4997    i.vListInsertEnd    list.o
    0x0800b968   0x0800b968   0x00000054   Code   RO         6452    i.vPortEnterCritical  port.o
    0x0800b9bc   0x0800b9bc   0x0000003c   Code   RO         6453    i.vPortExitCritical  port.o
    0x0800b9f8   0x0800b9f8   0x00000094   Code   RO         6401    i.vPortFree         heap_4.o
    0x0800ba8c   0x0800ba8c   0x00000028   Code   RO         6454    i.vPortSetupTimerInterrupt  port.o
    0x0800bab4   0x0800bab4   0x00000078   Code   RO         6455    i.vPortValidateInterruptPriority  port.o
    0x0800bb2c   0x0800bb2c   0x0000002c   Code   RO         5046    i.vQueueAddToRegistry  queue.o
    0x0800bb58   0x0800bb58   0x00000032   Code   RO         5047    i.vQueueDelete      queue.o
    0x0800bb8a   0x0800bb8a   0x00000002   PAD
    0x0800bb8c   0x0800bb8c   0x00000030   Code   RO         5049    i.vQueueUnregisterQueue  queue.o
    0x0800bbbc   0x0800bbbc   0x0000004a   Code   RO         5050    i.vQueueWaitForMessageRestricted  queue.o
    0x0800bc06   0x0800bc06   0x00000002   PAD
    0x0800bc08   0x0800bc08   0x0000005c   Code   RO         5457    i.vTaskDelay        tasks.o
    0x0800bc64   0x0800bc64   0x00000018   Code   RO         5462    i.vTaskInternalSetTimeOutState  tasks.o
    0x0800bc7c   0x0800bc7c   0x0000000c   Code   RO         5463    i.vTaskMissedYield  tasks.o
    0x0800bc88   0x0800bc88   0x00000038   Code   RO         5465    i.vTaskPlaceOnEventList  tasks.o
    0x0800bcc0   0x0800bcc0   0x00000040   Code   RO         5466    i.vTaskPlaceOnEventListRestricted  tasks.o
    0x0800bd00   0x0800bd00   0x000000b8   Code   RO         5474    i.vTaskStartScheduler  tasks.o
    0x0800bdb8   0x0800bdb8   0x00000010   Code   RO         5476    i.vTaskSuspendAll   tasks.o
    0x0800bdc8   0x0800bdc8   0x00000090   Code   RO         5477    i.vTaskSwitchContext  tasks.o
    0x0800be58   0x0800be58   0x0000001e   Code   RO         4885    i.xEventGroupCreate  event_groups.o
    0x0800be76   0x0800be76   0x0000005a   Code   RO         4886    i.xEventGroupCreateStatic  event_groups.o
    0x0800bed0   0x0800bed0   0x000000f8   Code   RO         6456    i.xPortStartScheduler  port.o
    0x0800bfc8   0x0800bfc8   0x0000005c   Code   RO         5051    i.xQueueCreateCountingSemaphore  queue.o
    0x0800c024   0x0800c024   0x00000064   Code   RO         5052    i.xQueueCreateCountingSemaphoreStatic  queue.o
    0x0800c088   0x0800c088   0x00000022   Code   RO         5053    i.xQueueCreateMutex  queue.o
    0x0800c0aa   0x0800c0aa   0x0000002a   Code   RO         5054    i.xQueueCreateMutexStatic  queue.o
    0x0800c0d4   0x0800c0d4   0x0000005e   Code   RO         5055    i.xQueueGenericCreate  queue.o
    0x0800c132   0x0800c132   0x000000de   Code   RO         5056    i.xQueueGenericCreateStatic  queue.o
    0x0800c210   0x0800c210   0x00000098   Code   RO         5057    i.xQueueGenericReset  queue.o
    0x0800c2a8   0x0800c2a8   0x000001a8   Code   RO         5058    i.xQueueGenericSend  queue.o
    0x0800c450   0x0800c450   0x000000f8   Code   RO         5059    i.xQueueGenericSendFromISR  queue.o
    0x0800c548   0x0800c548   0x00000168   Code   RO         5068    i.xQueueReceive     queue.o
    0x0800c6b0   0x0800c6b0   0x0000008c   Code   RO         5478    i.xTaskCheckForTimeOut  tasks.o
    0x0800c73c   0x0800c73c   0x00000064   Code   RO         5479    i.xTaskCreate       tasks.o
    0x0800c7a0   0x0800c7a0   0x000000b8   Code   RO         5480    i.xTaskCreateStatic  tasks.o
    0x0800c858   0x0800c858   0x00000020   Code   RO         5484    i.xTaskGetSchedulerState  tasks.o
    0x0800c878   0x0800c878   0x0000000c   Code   RO         5485    i.xTaskGetTickCount  tasks.o
    0x0800c884   0x0800c884   0x00000014   Code   RO         5486    i.xTaskGetTickCountFromISR  tasks.o
    0x0800c898   0x0800c898   0x00000144   Code   RO         5487    i.xTaskIncrementTick  tasks.o
    0x0800c9dc   0x0800c9dc   0x000000a4   Code   RO         5490    i.xTaskPriorityDisinherit  tasks.o
    0x0800ca80   0x0800ca80   0x00000098   Code   RO         5492    i.xTaskRemoveFromEventList  tasks.o
    0x0800cb18   0x0800cb18   0x00000104   Code   RO         5493    i.xTaskResumeAll    tasks.o
    0x0800cc1c   0x0800cc1c   0x00000036   Code   RO         5812    i.xTimerCreate      timers.o
    0x0800cc52   0x0800cc52   0x00000070   Code   RO         5813    i.xTimerCreateStatic  timers.o
    0x0800ccc2   0x0800ccc2   0x00000002   PAD
    0x0800ccc4   0x0800ccc4   0x00000078   Code   RO         5814    i.xTimerCreateTimerTask  timers.o
    0x0800cd3c   0x0800cd3c   0x00000084   Code   RO         5815    i.xTimerGenericCommand  timers.o
    0x0800cdc0   0x0800cdc0   0x000000e4   Data   RO          326    .constdata          freertos.o
    0x0800cea4   0x0800cea4   0x00002f80   Data   RO          881    .constdata          lcd.o
    0x0800fe24   0x0800fe24   0x0000041e   Data   RO         1142    .constdata          chinese_font.o
    0x08010242   0x08010242   0x0000000a   Data   RO         1266    .constdata          ft5206.o
    0x0801024c   0x0801024c   0x00000014   Data   RO         1329    .constdata          gt9xxx.o
    0x08010260   0x08010260   0x00000004   Data   RO         1384    .constdata          touch.o
    0x08010264   0x08010264   0x00000012   Data   RO         2027    .constdata          stm32f1xx_hal_rcc.o
    0x08010276   0x08010276   0x00000018   Data   RO         4836    .constdata          system_stm32f1xx.o
    0x0801028e   0x0801028e   0x00000002   PAD
    0x08010290   0x08010290   0x00000086   Data   RO          327    .conststring        freertos.o
    0x08010316   0x08010316   0x00000002   PAD
    0x08010318   0x08010318   0x00000079   Data   RO         1385    .conststring        touch.o
    0x08010391   0x08010391   0x00000003   PAD
    0x08010394   0x08010394   0x00000020   Data   RO         6858    Region$$Table       anon$$obj.o


    Execution Region RW_IRAM1 (Exec base: 0x20000000, Load base: 0x080103b4, Size: 0x000020b8, Max: 0x00010000, ABSOLUTE)

    Exec Addr    Load Addr    Size         Type   Attr      Idx    E Section Name        Object

    0x20000000   0x080103b4   0x00000034   Data   RW          328    .data               freertos.o
    0x20000034   0x080103e8   0x00000008   Data   RW          471    .data               fsmc.o
    0x2000003c   0x080103f0   0x00000008   Data   RW          814    .data               lcd_touch.o
    0x20000044   0x080103f8   0x00000008   Data   RW          882    .data               lcd.o
    0x2000004c   0x08010400   0x00000001   Data   RW         1164    .data               key.o
    0x2000004d   0x08010401   0x00000001   Data   RW         1267    .data               ft5206.o
    0x2000004e   0x08010402   0x00000002   Data   RW         1330    .data               gt9xxx.o
    0x20000050   0x08010404   0x00000048   Data   RW         1386    .data               touch.o
    0x20000098   0x0801044c   0x00000009   Data   RW         1863    .data               stm32f1xx_hal.o
    0x200000a1   0x08010455   0x00000003   PAD
    0x200000a4   0x08010458   0x00000004   Data   RW         4837    .data               system_stm32f1xx.o
    0x200000a8   0x0801045c   0x0000003c   Data   RW         5496    .data               tasks.o
    0x200000e4   0x08010498   0x00000014   Data   RW         5823    .data               timers.o
    0x200000f8   0x080104ac   0x00000004   Data   RW         6031    .data               cmsis_os2.o
    0x200000fc   0x080104b0   0x00000018   Data   RW         6406    .data               heap_4.o
    0x20000114   0x080104c8   0x0000000c   Data   RW         6457    .data               port.o
    0x20000120   0x080104d4   0x00000004   Data   RW         6838    .data               mc_w.l(stdout.o)
    0x20000124        -       0x00000028   Zero   RW          402    .bss                can.o
    0x2000014c        -       0x00000048   Zero   RW          470    .bss                fsmc.o
    0x20000194        -       0x00000054   Zero   RW          521    .bss                i2c.o
    0x200001e8        -       0x00000090   Zero   RW          565    .bss                tim.o
    0x20000278        -       0x000000cc   Zero   RW          619    .bss                usart.o
    0x20000344        -       0x00000048   Zero   RW          777    .bss                stm32f1xx_hal_timebase_tim.o
    0x2000038c        -       0x00000056   Zero   RW          880    .bss                lcd.o
    0x200003e2   0x080104d8   0x00000002   PAD
    0x200003e4        -       0x00000040   Zero   RW         5072    .bss                queue.o
    0x20000424        -       0x000004c4   Zero   RW         5495    .bss                tasks.o
    0x200008e8        -       0x00000118   Zero   RW         5822    .bss                timers.o
    0x20000a00        -       0x000006b8   Zero   RW         6030    .bss                cmsis_os2.o
    0x200010b8        -       0x00000c00   Zero   RW         6405    .bss                heap_4.o
    0x20001cb8        -       0x00000400   Zero   RW            1    STACK               startup_stm32f103xe.o


==============================================================================

Image component sizes


      Code (inc. data)   RO Data    RW Data    ZI Data      Debug   Object Name

       256         82          0          0          0       3103   24cxx.o
       200         24          0          0         40       1531   can.o
         0          0       1054          0          0        754   chinese_font.o
      1476         74          0          4       1720      23258   cmsis_os2.o
       770         80          0          0          0       4930   ctiic.o
        88         24          0          0          0        930   delay.o
        68          4          0          0          0        706   dma.o
       120          0          0          0          0      21518   event_groups.o
      1066        176        362         52          0       7413   freertos.o
       338         32          0          8         72       2163   fsmc.o
       910         38         10          1          0       4073   ft5206.o
       360         18          0          0          0     510135   gpio.o
      1318         72         20          2          0       3831   gt9xxx.o
       692         62          0         24       3072       4539   heap_4.o
       176         24          0          0         84       1513   i2c.o
       180         14          0          1          0        631   key.o
     14562        158      12160          8         86      31925   lcd.o
       172         12          0          8          0       1033   lcd_touch.o
       148          0          0          0          0       3286   list.o
       320         80          0          0          0     483304   main.o
       854         78          0         12          0      10633   port.o
      2402         24          0          0         64      22449   queue.o
        36          8        304          0       1024        780   startup_stm32f103xe.o
       116         24          0          9          0       5702   stm32f1xx_hal.o
       372          0          0          0          0       1291   stm32f1xx_hal_can.o
       252         22          0          0          0      28546   stm32f1xx_hal_cortex.o
      1484         28          0          0          0       2979   stm32f1xx_hal_dma.o
       860         40          0          0          0       3239   stm32f1xx_hal_gpio.o
      3116         52          0          0          0      11865   stm32f1xx_hal_i2c.o
        96         10          0          0          0        850   stm32f1xx_hal_msp.o
      1816        108         18          0          0       6381   stm32f1xx_hal_rcc.o
       102          0          0          0          0       1160   stm32f1xx_hal_sram.o
      2284        102          0          0          0      15196   stm32f1xx_hal_tim.o
       276         22          0          0          0       3113   stm32f1xx_hal_tim_ex.o
       180         22          0          0         72       1395   stm32f1xx_hal_timebase_tim.o
      1874          8          0          0          0      10674   stm32f1xx_hal_usart.o
        86         24          0          0          0       4265   stm32f1xx_it.o
       254         10          0          0          0       3731   stm32f1xx_ll_fsmc.o
         0          0          0          0          0       8492   stream_buffer.o
         2          0         24          4          0       1047   system_stm32f1xx.o
      2816        350          0         60       1220      23661   tasks.o
       488         34          0          0        144       2913   tim.o
      1526        124          0         20        280      30023   timers.o
      3074        172        125         72          0      10738   touch.o
       352         40          0          0        204       2237   usart.o

    ----------------------------------------------------------------------
     47976       2276      14116        288       8084    1323936   Object Totals
         0          0         32          0          0          0   (incl. Generated)
        38          0          7          3          2          0   (incl. Padding)

    ----------------------------------------------------------------------

      Code (inc. data)   RO Data    RW Data    ZI Data      Debug   Library Member Name

         0          0          0          0          0          0   entry.o
         0          0          0          0          0          0   entry10a.o
         0          0          0          0          0          0   entry11a.o
         4          0          0          0          0          0   entry12b.o
         8          4          0          0          0          0   entry2.o
         4          0          0          0          0          0   entry5.o
         0          0          0          0          0          0   entry7b.o
         0          0          0          0          0          0   entry8b.o
         8          4          0          0          0          0   entry9a.o
        30          0          0          0          0          0   handlers.o
        36          8          0          0          0         68   init.o
         0          0          0          0          0          0   iusefp.o
        30          0          0          0          0         68   llshl.o
        36          0          0          0          0         68   llsshr.o
        32          0          0          0          0         68   llushr.o
        36          0          0          0          0         68   memcpya.o
        36          0          0          0          0        108   memseta.o
      2268         96          0          0          0        616   printfa.o
         0          0          0          4          0          0   stdout.o
        28          0          0          0          0         76   strcmp.o
        44          0          0          0          0         80   uidiv.o
        98          0          0          0          0         92   uldiv.o
        48          0          0          0          0         68   cdcmple.o
        48          0          0          0          0         68   cdrcmple.o
       334          0          0          0          0        148   dadd.o
       222          0          0          0          0        100   ddiv.o
       186          0          0          0          0        176   depilogue.o
        50          0          0          0          0         76   dfixui.o
        48          0          0          0          0         68   dfixul.o
        34          0          0          0          0         76   dflti.o
        26          0          0          0          0         76   dfltui.o
       228          0          0          0          0         96   dmul.o
       176          0          0          0          0        140   fadd.o
       124          0          0          0          0         88   fdiv.o
       110          0          0          0          0        168   fepilogue.o
        40          0          0          0          0         68   ffixui.o
        18          0          0          0          0         68   fflti.o

    ----------------------------------------------------------------------
      4392        112          0          4          0       2796   Library Totals
         2          0          0          0          0          0   (incl. Padding)

    ----------------------------------------------------------------------

      Code (inc. data)   RO Data    RW Data    ZI Data      Debug   Library Name

      2698        112          0          4          0       1312   mc_w.l
      1692          0          0          0          0       1484   mf_w.l

    ----------------------------------------------------------------------
      4392        112          0          4          0       2796   Library Totals

    ----------------------------------------------------------------------

==============================================================================


      Code (inc. data)   RO Data    RW Data    ZI Data      Debug   

     52368       2388      14116        292       8084    1310660   Grand Totals
     52368       2388      14116        292       8084    1310660   ELF Image Totals
     52368       2388      14116        292          0          0   ROM Totals

==============================================================================

    Total RO  Size (Code + RO Data)                66484 (  64.93kB)
    Total RW  Size (RW Data + ZI Data)              8376 (   8.18kB)
    Total ROM Size (Code + RO Data + RW Data)      66776 (  65.21kB)

==============================================================================

